11:19:10 **** Incremental Build of configuration Debug for project test_rig ****
make -j7 all 
arm-none-eabi-gcc "../Core/Src/sht41a.c" -mcpu=cortex-m4 -std=gnu11 -g3 -DDEBUG -DUSE_HAL_DRIVER -DSTM32L4A6xx -c -I../Core/Inc -I../Drivers/STM32L4xx_HAL_Driver/Inc -I../Drivers/STM32L4xx_HAL_Driver/Inc/Legacy -I../Drivers/CMSIS/Device/ST/STM32L4xx/Include -I../Drivers/CMSIS/Include -O0 -ffunction-sections -fdata-sections -Wall -fstack-usage -fcyclomatic-complexity -MMD -MP -MF"Core/Src/sht41a.d" -MT"Core/Src/sht41a.o" --specs=nano.specs -mfpu=fpv4-sp-d16 -mfloat-abi=hard -mthumb -o "Core/Src/sht41a.o"
arm-none-eabi-gcc "../Core/Src/system_stm32l4xx.c" -mcpu=cortex-m4 -std=gnu11 -g3 -DDEBUG -DUSE_HAL_DRIVER -DSTM32L4A6xx -c -I../Core/Inc -I../Drivers/STM32L4xx_HAL_Driver/Inc -I../Drivers/STM32L4xx_HAL_Driver/Inc/Legacy -I../Drivers/CMSIS/Device/ST/STM32L4xx/Include -I../Drivers/CMSIS/Include -O0 -ffunction-sections -fdata-sections -Wall -fstack-usage -fcyclomatic-complexity -MMD -MP -MF"Core/Src/system_stm32l4xx.d" -MT"Core/Src/system_stm32l4xx.o" --specs=nano.specs -mfpu=fpv4-sp-d16 -mfloat-abi=hard -mthumb -o "Core/Src/system_stm32l4xx.o"
arm-none-eabi-gcc -o "test_rig.elf" @"objects.list"   -mcpu=cortex-m4 -T"/Users/joedechaine/Documents/Senior Project/Senior-Project-Campus-Fire-Detection/STM_project/test_rig/STM32L4A6ZGTX_FLASH.ld" --specs=nosys.specs -Wl,-Map="test_rig.map" -Wl,--gc-sections -static -u _printf_float --specs=nano.specs -mfpu=fpv4-sp-d16 -mfloat-abi=hard -mthumb -Wl,--start-group -lc -lm -Wl,--end-group
Finished building target: test_rig.elf
 
arm-none-eabi-size  test_rig.elf 
arm-none-eabi-objdump -h -S test_rig.elf  > "test_rig.list"
   text	   data	    bss	    dec	    hex	filename
  36724	    468	   3508	  40700	   9efc	test_rig.elf
Finished building: default.size.stdout
 
Finished building: test_rig.list
 
