Archive member included to satisfy reference by file (symbol)

/opt/ST/STM32CubeCLT_1.21.0/GNU-tools-for-STM32/bin/../lib/gcc/arm-none-eabi/14.3.1/thumb/v7e-m+fp/hard/libgcc.a(_arm_addsubdf3.o)
                              CMakeFiles/sensor_read_basic.dir/Core/Src/scd4x_i2c.c.obj (__aeabi_dadd)
/opt/ST/STM32CubeCLT_1.21.0/GNU-tools-for-STM32/bin/../lib/gcc/arm-none-eabi/14.3.1/thumb/v7e-m+fp/hard/libgcc.a(_arm_muldivdf3.o)
                              CMakeFiles/sensor_read_basic.dir/Core/Src/scd4x_i2c.c.obj (__aeabi_ddiv)
/opt/ST/STM32CubeCLT_1.21.0/GNU-tools-for-STM32/bin/../lib/gcc/arm-none-eabi/14.3.1/thumb/v7e-m+fp/hard/libgcc.a(_arm_fixdfsi.o)
                              CMakeFiles/sensor_read_basic.dir/Core/Src/scd4x_i2c.c.obj (__aeabi_d2iz)
/opt/ST/STM32CubeCLT_1.21.0/GNU-tools-for-STM32/bin/../lib/gcc/arm-none-eabi/14.3.1/thumb/v7e-m+fp/hard/libgcc.a(_aeabi_uldivmod.o)
                              CMakeFiles/sensor_read_basic.dir/Drivers/STM32L4xx_HAL_Driver/Src/stm32l4xx_hal_uart.c.obj (__aeabi_uldivmod)
/opt/ST/STM32CubeCLT_1.21.0/GNU-tools-for-STM32/bin/../lib/gcc/arm-none-eabi/14.3.1/thumb/v7e-m+fp/hard/libgcc.a(_udivmoddi4.o)
                              /opt/ST/STM32CubeCLT_1.21.0/GNU-tools-for-STM32/bin/../lib/gcc/arm-none-eabi/14.3.1/thumb/v7e-m+fp/hard/libgcc.a(_aeabi_uldivmod.o) (__udivmoddi4)
/opt/ST/STM32CubeCLT_1.21.0/GNU-tools-for-STM32/bin/../lib/gcc/arm-none-eabi/14.3.1/thumb/v7e-m+fp/hard/libgcc.a(_dvmd_tls.o)
                              /opt/ST/STM32CubeCLT_1.21.0/GNU-tools-for-STM32/bin/../lib/gcc/arm-none-eabi/14.3.1/thumb/v7e-m+fp/hard/libgcc.a(_aeabi_uldivmod.o) (__aeabi_ldiv0)
/opt/ST/STM32CubeCLT_1.21.0/GNU-tools-for-STM32/bin/../lib/gcc/arm-none-eabi/14.3.1/../../../../arm-none-eabi/lib/thumb/v7e-m+fp/hard/libc_nano.a(libc_a-exit.o)
                              /opt/ST/STM32CubeCLT_1.21.0/GNU-tools-for-STM32/bin/../lib/gcc/arm-none-eabi/14.3.1/../../../../arm-none-eabi/lib/thumb/v7e-m+fp/hard/crt0.o (exit)
/opt/ST/STM32CubeCLT_1.21.0/GNU-tools-for-STM32/bin/../lib/gcc/arm-none-eabi/14.3.1/../../../../arm-none-eabi/lib/thumb/v7e-m+fp/hard/libc_nano.a(libc_a-nano-vfprintf_float.o)
                              (_printf_float)
/opt/ST/STM32CubeCLT_1.21.0/GNU-tools-for-STM32/bin/../lib/gcc/arm-none-eabi/14.3.1/../../../../arm-none-eabi/lib/thumb/v7e-m+fp/hard/libc_nano.a(libc_a-nano-vfprintf_i.o)
                              /opt/ST/STM32CubeCLT_1.21.0/GNU-tools-for-STM32/bin/../lib/gcc/arm-none-eabi/14.3.1/../../../../arm-none-eabi/lib/thumb/v7e-m+fp/hard/libc_nano.a(libc_a-nano-vfprintf_float.o) (_printf_common)
/opt/ST/STM32CubeCLT_1.21.0/GNU-tools-for-STM32/bin/../lib/gcc/arm-none-eabi/14.3.1/../../../../arm-none-eabi/lib/thumb/v7e-m+fp/hard/libc_nano.a(libc_a-snprintf.o)
                              CMakeFiles/sensor_read_basic.dir/Core/Src/main.c.obj (snprintf)
/opt/ST/STM32CubeCLT_1.21.0/GNU-tools-for-STM32/bin/../lib/gcc/arm-none-eabi/14.3.1/../../../../arm-none-eabi/lib/thumb/v7e-m+fp/hard/libc_nano.a(libc_a-findfp.o)
                              /opt/ST/STM32CubeCLT_1.21.0/GNU-tools-for-STM32/bin/../lib/gcc/arm-none-eabi/14.3.1/../../../../arm-none-eabi/lib/thumb/v7e-m+fp/hard/libc_nano.a(libc_a-exit.o) (__stdio_exit_handler)
/opt/ST/STM32CubeCLT_1.21.0/GNU-tools-for-STM32/bin/../lib/gcc/arm-none-eabi/14.3.1/../../../../arm-none-eabi/lib/thumb/v7e-m+fp/hard/libc_nano.a(libc_a-fwalk.o)
                              /opt/ST/STM32CubeCLT_1.21.0/GNU-tools-for-STM32/bin/../lib/gcc/arm-none-eabi/14.3.1/../../../../arm-none-eabi/lib/thumb/v7e-m+fp/hard/libc_nano.a(libc_a-findfp.o) (_fwalk_sglue)
/opt/ST/STM32CubeCLT_1.21.0/GNU-tools-for-STM32/bin/../lib/gcc/arm-none-eabi/14.3.1/../../../../arm-none-eabi/lib/thumb/v7e-m+fp/hard/libc_nano.a(libc_a-memset.o)
                              /opt/ST/STM32CubeCLT_1.21.0/GNU-tools-for-STM32/bin/../lib/gcc/arm-none-eabi/14.3.1/../../../../arm-none-eabi/lib/thumb/v7e-m+fp/hard/crt0.o (memset)
/opt/ST/STM32CubeCLT_1.21.0/GNU-tools-for-STM32/bin/../lib/gcc/arm-none-eabi/14.3.1/../../../../arm-none-eabi/lib/thumb/v7e-m+fp/hard/libc_nano.a(libc_a-errno.o)
                              CMakeFiles/sensor_read_basic.dir/Core/Src/syscalls.c.obj (__errno)
/opt/ST/STM32CubeCLT_1.21.0/GNU-tools-for-STM32/bin/../lib/gcc/arm-none-eabi/14.3.1/../../../../arm-none-eabi/lib/thumb/v7e-m+fp/hard/libc_nano.a(libc_a-init.o)
                              /opt/ST/STM32CubeCLT_1.21.0/GNU-tools-for-STM32/bin/../lib/gcc/arm-none-eabi/14.3.1/../../../../arm-none-eabi/lib/thumb/v7e-m+fp/hard/crt0.o (__libc_init_array)
/opt/ST/STM32CubeCLT_1.21.0/GNU-tools-for-STM32/bin/../lib/gcc/arm-none-eabi/14.3.1/../../../../arm-none-eabi/lib/thumb/v7e-m+fp/hard/libc_nano.a(libc_a-lock.o)
                              /opt/ST/STM32CubeCLT_1.21.0/GNU-tools-for-STM32/bin/../lib/gcc/arm-none-eabi/14.3.1/../../../../arm-none-eabi/lib/thumb/v7e-m+fp/hard/libc_nano.a(libc_a-findfp.o) (__retarget_lock_init_recursive)
[...]
Memory Configuration

Name             Origin             Length             Attributes
RAM              0x20000000         0x00050000         xrw
RAM2             0x10000000         0x00010000         xrw
FLASH            0x08000000         0x00100000         xr
*default*        0x00000000         0xffffffff

Linker script and memory map

LOAD /opt/ST/STM32CubeCLT_1.21.0/GNU-tools-for-STM32/bin/../lib/gcc/arm-none-eabi/14.3.1/thumb/v7e-m+fp/hard/crti.o
LOAD /opt/ST/STM32CubeCLT_1.21.0/GNU-tools-for-STM32/bin/../lib/gcc/arm-none-eabi/14.3.1/thumb/v7e-m+fp/hard/crtbegin.o
LOAD /opt/ST/STM32CubeCLT_1.21.0/GNU-tools-for-STM32/bin/../lib/gcc/arm-none-eabi/14.3.1/../../../../arm-none-eabi/lib/thumb/v7e-m+fp/hard/crt0.o
LOAD CMakeFiles/sensor_read_basic.dir/Core/Src/main.c.obj
LOAD CMakeFiles/sensor_read_basic.dir/Core/Src/scd4x_i2c.c.obj
LOAD CMakeFiles/sensor_read_basic.dir/Core/Src/sensirion_common.c.obj
LOAD CMakeFiles/sensor_read_basic.dir/Core/Src/sensirion_i2c.c.obj
LOAD CMakeFiles/sensor_read_basic.dir/Core/Src/sensirion_i2c_hal.c.obj
LOAD CMakeFiles/sensor_read_basic.dir/Core/Src/sgp41_i2c.c.obj
LOAD CMakeFiles/sensor_read_basic.dir/Core/Src/sht4x_i2c.c.obj
LOAD CMakeFiles/sensor_read_basic.dir/Core/Src/stm32l4xx_hal_msp.c.obj
LOAD CMakeFiles/sensor_read_basic.dir/Core/Src/stm32l4xx_it.c.obj
LOAD CMakeFiles/sensor_read_basic.dir/Core/Src/syscalls.c.obj
LOAD CMakeFiles/sensor_read_basic.dir/Core/Src/sysmem.c.obj
LOAD CMakeFiles/sensor_read_basic.dir/Core/Src/system_stm32l4xx.c.obj
LOAD CMakeFiles/sensor_read_basic.dir/Core/Startup/startup_stm32l4a6zgtx.s.obj
LOAD CMakeFiles/sensor_read_basic.dir/Drivers/STM32L4xx_HAL_Driver/Src/stm32l4xx_hal.c.obj
LOAD CMakeFiles/sensor_read_basic.dir/Drivers/STM32L4xx_HAL_Driver/Src/stm32l4xx_hal_cortex.c.obj
LOAD CMakeFiles/sensor_read_basic.dir/Drivers/STM32L4xx_HAL_Driver/Src/stm32l4xx_hal_dma.c.obj
LOAD CMakeFiles/sensor_read_basic.dir/Drivers/STM32L4xx_HAL_Driver/Src/stm32l4xx_hal_dma_ex.c.obj
LOAD CMakeFiles/sensor_read_basic.dir/Drivers/STM32L4xx_HAL_Driver/Src/stm32l4xx_hal_exti.c.obj
LOAD CMakeFiles/sensor_read_basic.dir/Drivers/STM32L4xx_HAL_Driver/Src/stm32l4xx_hal_flash.c.obj
LOAD CMakeFiles/sensor_read_basic.dir/Drivers/STM32L4xx_HAL_Driver/Src/stm32l4xx_hal_flash_ex.c.obj
LOAD CMakeFiles/sensor_read_basic.dir/Drivers/STM32L4xx_HAL_Driver/Src/stm32l4xx_hal_flash_ramfunc.c.obj
LOAD CMakeFiles/sensor_read_basic.dir/Drivers/STM32L4xx_HAL_Driver/Src/stm32l4xx_hal_gpio.c.obj
LOAD CMakeFiles/sensor_read_basic.dir/Drivers/STM32L4xx_HAL_Driver/Src/stm32l4xx_hal_i2c.c.obj
LOAD CMakeFiles/sensor_read_basic.dir/Drivers/STM32L4xx_HAL_Driver/Src/stm32l4xx_hal_i2c_ex.c.obj
LOAD CMakeFiles/sensor_read_basic.dir/Drivers/STM32L4xx_HAL_Driver/Src/stm32l4xx_hal_pcd.c.obj
LOAD CMakeFiles/sensor_read_basic.dir/Drivers/STM32L4xx_HAL_Driver/Src/stm32l4xx_hal_pcd_ex.c.obj
LOAD CMakeFiles/sensor_read_basic.dir/Drivers/STM32L4xx_HAL_Driver/Src/stm32l4xx_hal_pwr.c.obj
LOAD CMakeFiles/sensor_read_basic.dir/Drivers/STM32L4xx_HAL_Driver/Src/stm32l4xx_hal_pwr_ex.c.obj
LOAD CMakeFiles/sensor_read_basic.dir/Drivers/STM32L4xx_HAL_Driver/Src/stm32l4xx_hal_rcc.c.obj
LOAD CMakeFiles/sensor_read_basic.dir/Drivers/STM32L4xx_HAL_Driver/Src/stm32l4xx_hal_rcc_ex.c.obj
LOAD CMakeFiles/sensor_read_basic.dir/Drivers/STM32L4xx_HAL_Driver/Src/stm32l4xx_hal_uart.c.obj
LOAD CMakeFiles/sensor_read_basic.dir/Drivers/STM32L4xx_HAL_Driver/Src/stm32l4xx_hal_uart_ex.c.obj
LOAD CMakeFiles/sensor_read_basic.dir/Drivers/STM32L4xx_HAL_Driver/Src/stm32l4xx_ll_usb.c.obj
START GROUP
LOAD /opt/ST/STM32CubeCLT_1.21.0/GNU-tools-for-STM32/bin/../lib/gcc/arm-none-eabi/14.3.1/thumb/v7e-m+fp/hard/libgcc.a
LOAD /opt/ST/STM32CubeCLT_1.21.0/GNU-tools-for-STM32/bin/../lib/gcc/arm-none-eabi/14.3.1/../../../../arm-none-eabi/lib/thumb/v7e-m+fp/hard/libc_nano.a
END GROUP
START GROUP
LOAD /opt/ST/STM32CubeCLT_1.21.0/GNU-tools-for-STM32/bin/../lib/gcc/arm-none-eabi/14.3.1/thumb/v7e-m+fp/hard/libgcc.a
LOAD /opt/ST/STM32CubeCLT_1.21.0/GNU-tools-for-STM32/bin/../lib/gcc/arm-none-eabi/14.3.1/../../../../arm-none-eabi/lib/thumb/v7e-m+fp/hard/libc_nano.a
LOAD /opt/ST/STM32CubeCLT_1.21.0/GNU-tools-for-STM32/bin/../lib/gcc/arm-none-eabi/14.3.1/../../../../arm-none-eabi/lib/thumb/v7e-m+fp/hard/libnosys.a
END GROUP
START GROUP
LOAD /opt/ST/STM32CubeCLT_1.21.0/GNU-tools-for-STM32/bin/../lib/gcc/arm-none-eabi/14.3.1/thumb/v7e-m+fp/hard/libgcc.a
LOAD /opt/ST/STM32CubeCLT_1.21.0/GNU-tools-for-STM32/bin/../lib/gcc/arm-none-eabi/14.3.1/../../../../arm-none-eabi/lib/thumb/v7e-m+fp/hard/libc_nano.a
LOAD /opt/ST/STM32CubeCLT_1.21.0/GNU-tools-for-STM32/bin/../lib/gcc/arm-none-eabi/14.3.1/../../../../arm-none-eabi/lib/thumb/v7e-m+fp/hard/libnosys.a
END GROUP
LOAD /opt/ST/STM32CubeCLT_1.21.0/GNU-tools-for-STM32/bin/../lib/gcc/arm-none-eabi/14.3.1/thumb/v7e-m+fp/hard/crtend.o
LOAD /opt/ST/STM32CubeCLT_1.21.0/GNU-tools-for-STM32/bin/../lib/gcc/arm-none-eabi/14.3.1/thumb/v7e-m+fp/hard/crtn.o
                0x20050000                        _estack = (ORIGIN (RAM) + LENGTH (RAM))
                0x00000200                        _Min_Heap_Size = 0x200
                0x00000400                        _Min_Stack_Size = 0x400

.isr_vector     0x08000000      0x1ac
                0x08000000                        . = ALIGN (0x4)
 *(.isr_vector)
 .isr_vector    0x08000000      0x1ac CMakeFiles/sensor_read_basic.dir/Core/Startup/startup_stm32l4a6zgtx.s.obj
                0x08000000                g_pfnVectors
                0x080001ac                        . = ALIGN (0x4)

.text           0x080001b0     0x8ac8
                0x080001b0                        . = ALIGN (0x4)
 *(.text)
 .text          0x080001b0       0x40 /opt/ST/STM32CubeCLT_1.21.0/GNU-tools-for-STM32/bin/../lib/gcc/arm-none-eabi/14.3.1/thumb/v7e-m+fp/hard/crtbegin.o
 .text          0x080001f0      0x378 /opt/ST/STM32CubeCLT_1.21.0/GNU-tools-for-STM32/bin/../lib/gcc/arm-none-eabi/14.3.1/thumb/v7e-m+fp/hard/libgcc.a(_arm_addsubdf3.o)
                0x080001f0                __aeabi_drsub
                0x080001f8                __subdf3
                0x080001f8                __aeabi_dsub
                0x080001fc                __aeabi_dadd
                0x080001fc                __adddf3
                0x08000474                __aeabi_ui2d
                0x08000474                __floatunsidf
                0x08000494                __floatsidf
                0x08000494                __aeabi_i2d
                0x080004b8                __extendsfdf2
                0x080004b8                __aeabi_f2d
                0x080004fc                __aeabi_ul2d
                0x080004fc                __floatundidf
                0x0800050c                __aeabi_l2d
                0x0800050c                __floatdidf
 .text          0x08000568      0x424 /opt/ST/STM32CubeCLT_1.21.0/GNU-tools-for-STM32/bin/../lib/gcc/arm-none-eabi/14.3.1/thumb/v7e-m+fp/hard/libgcc.a(_arm_muldivdf3.o)
                0x08000568                __aeabi_dmul
                0x08000568                __muldf3
                0x080007bc                __aeabi_ddiv
                0x080007bc                __divdf3
 .text          0x0800098c       0x50 /opt/ST/STM32CubeCLT_1.21.0/GNU-tools-for-STM32/bin/../lib/gcc/arm-none-eabi/14.3.1/thumb/v7e-m+fp/hard/libgcc.a(_arm_fixdfsi.o)
                0x0800098c                __fixdfsi
                0x0800098c                __aeabi_d2iz
 .text          0x080009dc       0x30 /opt/ST/STM32CubeCLT_1.21.0/GNU-tools-for-STM32/bin/../lib/gcc/arm-none-eabi/14.3.1/thumb/v7e-m+fp/hard/libgcc.a(_aeabi_uldivmod.o)
                0x080009dc                __aeabi_uldivmod
 .text          0x08000a0c      0x2f8 /opt/ST/STM32CubeCLT_1.21.0/GNU-tools-for-STM32/bin/../lib/gcc/arm-none-eabi/14.3.1/thumb/v7e-m+fp/hard/libgcc.a(_udivmoddi4.o)
                0x08000a0c                __udivmoddi4
 .text          0x08000d04        0x4 /opt/ST/STM32CubeCLT_1.21.0/GNU-tools-for-STM32/bin/../lib/gcc/arm-none-eabi/14.3.1/thumb/v7e-m+fp/hard/libgcc.a(_dvmd_tls.o)
                0x08000d04                __aeabi_ldiv0
                0x08000d04                __aeabi_idiv0
 *fill*         0x08000d08        0x8 
 .text          0x08000d10       0xa0 /opt/ST/STM32CubeCLT_1.21.0/GNU-tools-for-STM32/bin/../lib/gcc/arm-none-eabi/14.3.1/../../../../arm-none-eabi/lib/thumb/v7e-m+fp/hard/libc_nano.a(libc_a-memchr.o)
                0x08000d10                memchr
 .text          0x08000db0       0x10 /opt/ST/STM32CubeCLT_1.21.0/GNU-tools-for-STM32/bin/../lib/gcc/arm-none-eabi/14.3.1/../../../../arm-none-eabi/lib/thumb/v7e-m+fp/hard/libc_nano.a(libc_a-strlen.o)
                0x08000db0                strlen
 .text          0x08000dc0      0x110 /opt/ST/STM32CubeCLT_1.21.0/GNU-tools-for-STM32/bin/../lib/gcc/arm-none-eabi/14.3.1/thumb/v7e-m+fp/hard/libgcc.a(_arm_cmpdf2.o)
                0x08000dc0                __gedf2
                0x08000dc0                __gtdf2
                0x08000dc8                __ledf2
                0x08000dc8                __ltdf2
                0x08000dd0                __cmpdf2
                0x08000dd0                __eqdf2
                0x08000dd0                __nedf2
                0x08000e4c                __aeabi_cdrcmple
                0x08000e5c                __aeabi_cdcmple
                0x08000e5c                __aeabi_cdcmpeq
                0x08000e6c                __aeabi_dcmpeq
                0x08000e80                __aeabi_dcmplt
                0x08000e94                __aeabi_dcmple
                0x08000ea8                __aeabi_dcmpge
                0x08000ebc                __aeabi_dcmpgt
 .text          0x08000ed0       0x2c /opt/ST/STM32CubeCLT_1.21.0/GNU-tools-for-STM32/bin/../lib/gcc/arm-none-eabi/14.3.1/thumb/v7e-m+fp/hard/libgcc.a(_arm_unorddf2.o)
                0x08000ed0                __aeabi_dcmpun
                0x08000ed0                __unorddf2
 *(.text*)
 .text.uart_print
                0x08000efc       0x2c CMakeFiles/sensor_read_basic.dir/Core/Src/main.c.obj
 .text.main     0x08000f28      0x280 CMakeFiles/sensor_read_basic.dir/Core/Src/main.c.obj
                0x08000f28                main
 .text.SystemClock_Config
                0x080011a8       0xc8 CMakeFiles/sensor_read_basic.dir/Core/Src/main.c.obj
                0x080011a8                SystemClock_Config
 .text.MX_I2C2_Init
                0x08001270       0x80 CMakeFiles/sensor_read_basic.dir/Core/Src/main.c.obj
 .text.MX_LPUART1_UART_Init
                0x080012f0       0x58 CMakeFiles/sensor_read_basic.dir/Core/Src/main.c.obj
 .text.MX_USB_OTG_FS_PCD_Init
                0x08001348       0x5c CMakeFiles/sensor_read_basic.dir/Core/Src/main.c.obj
 .text.MX_GPIO_Init
                0x080013a4      0x148 CMakeFiles/sensor_read_basic.dir/Core/Src/main.c.obj
 .text.Error_Handler
                0x080014ec        0xc CMakeFiles/sensor_read_basic.dir/Core/Src/main.c.obj
                0x080014ec                Error_Handler
 .text.scd4x_get_data_ready_status
                0x080014f8       0x4c CMakeFiles/sensor_read_basic.dir/Core/Src/scd4x_i2c.c.obj
                0x080014f8                scd4x_get_data_ready_status
 .text.scd4x_start_periodic_measurement
                0x08001544       0x58 CMakeFiles/sensor_read_basic.dir/Core/Src/scd4x_i2c.c.obj
                0x08001544                scd4x_start_periodic_measurement
 .text.scd4x_read_measurement_raw
                0x0800159c       0xb8 CMakeFiles/sensor_read_basic.dir/Core/Src/scd4x_i2c.c.obj
                0x0800159c                scd4x_read_measurement_raw
 .text.scd4x_read_measurement
                0x08001654       0x62 CMakeFiles/sensor_read_basic.dir/Core/Src/scd4x_i2c.c.obj
                0x08001654                scd4x_read_measurement
 *fill*         0x080016b6        0x2 
 .text.scd4x_stop_periodic_measurement
                0x080016b8       0x64 CMakeFiles/sensor_read_basic.dir/Core/Src/scd4x_i2c.c.obj
                0x080016b8                scd4x_stop_periodic_measurement
 .text.scd4x_get_data_ready_status_raw
                0x0800171c       0x90 CMakeFiles/sensor_read_basic.dir/Core/Src/scd4x_i2c.c.obj
                0x0800171c                scd4x_get_data_ready_status_raw
 .text.sensirion_common_bytes_to_uint16_t
                0x080017ac       0x2c CMakeFiles/sensor_read_basic.dir/Core/Src/sensirion_common.c.obj
                0x080017ac                sensirion_common_bytes_to_uint16_t
 .text.sensirion_i2c_generate_crc
                0x080017d8       0x72 CMakeFiles/sensor_read_basic.dir/Core/Src/sensirion_i2c.c.obj
                0x080017d8                sensirion_i2c_generate_crc
 .text.sensirion_i2c_check_crc
                0x0800184a       0x32 CMakeFiles/sensor_read_basic.dir/Core/Src/sensirion_i2c.c.obj
                0x0800184a                sensirion_i2c_check_crc
 .text.sensirion_i2c_add_command_to_buffer
                0x0800187c       0x46 CMakeFiles/sensor_read_basic.dir/Core/Src/sensirion_i2c.c.obj
                0x0800187c                sensirion_i2c_add_command_to_buffer
 .text.sensirion_i2c_add_command16_to_buffer
                0x080018c2       0x46 CMakeFiles/sensor_read_basic.dir/Core/Src/sensirion_i2c.c.obj
                0x080018c2                sensirion_i2c_add_command16_to_buffer
 .text.sensirion_i2c_add_command8_to_buffer
                0x08001908       0x2e CMakeFiles/sensor_read_basic.dir/Core/Src/sensirion_i2c.c.obj
                0x08001908                sensirion_i2c_add_command8_to_buffer
 .text.sensirion_i2c_add_uint16_t_to_buffer
                0x08001936       0x60 CMakeFiles/sensor_read_basic.dir/Core/Src/sensirion_i2c.c.obj
                0x08001936                sensirion_i2c_add_uint16_t_to_buffer
 .text.sensirion_i2c_write_data
                0x08001996       0x26 CMakeFiles/sensor_read_basic.dir/Core/Src/sensirion_i2c.c.obj
                0x08001996                sensirion_i2c_write_data
 .text.sensirion_i2c_read_data_inplace
                0x080019bc       0xc6 CMakeFiles/sensor_read_basic.dir/Core/Src/sensirion_i2c.c.obj
                0x080019bc                sensirion_i2c_read_data_inplace
 *fill*         0x08001a82        0x2 
 .text.sensirion_i2c_hal_read
                0x08001a84       0x44 CMakeFiles/sensor_read_basic.dir/Core/Src/sensirion_i2c_hal.c.obj
                0x08001a84                sensirion_i2c_hal_read
 .text.sensirion_i2c_hal_write
                0x08001ac8       0x44 CMakeFiles/sensor_read_basic.dir/Core/Src/sensirion_i2c_hal.c.obj
                0x08001ac8                sensirion_i2c_hal_write
 .text.sensirion_i2c_hal_sleep_usec
                0x08001b0c       0x28 CMakeFiles/sensor_read_basic.dir/Core/Src/sensirion_i2c_hal.c.obj
                0x08001b0c                sensirion_i2c_hal_sleep_usec
 .text.sgp41_measure_raw_signals
                0x08001b34       0xc6 CMakeFiles/sensor_read_basic.dir/Core/Src/sgp41_i2c.c.obj
                0x08001b34                sgp41_measure_raw_signals
 .text.convert_ticks_to_celsius
                0x08001bfa       0x28 CMakeFiles/sensor_read_basic.dir/Core/Src/sht4x_i2c.c.obj
 .text.convert_ticks_to_percent_rh
                0x08001c22       0x28 CMakeFiles/sensor_read_basic.dir/Core/Src/sht4x_i2c.c.obj
 *fill*         0x08001c4a        0x2 
 .text.sht4x_init
                0x08001c4c       0x20 CMakeFiles/sensor_read_basic.dir/Core/Src/sht4x_i2c.c.obj
                0x08001c4c                sht4x_init
 .text.sht4x_measure_high_precision
                0x08001c6c       0x58 CMakeFiles/sensor_read_basic.dir/Core/Src/sht4x_i2c.c.obj
                0x08001c6c                sht4x_measure_high_precision
 .text.sht4x_measure_high_precision_ticks
                0x08001cc4       0xa4 CMakeFiles/sensor_read_basic.dir/Core/Src/sht4x_i2c.c.obj
                0x08001cc4                sht4x_measure_high_precision_ticks
 .text.HAL_MspInit
                0x08001d68       0x48 CMakeFiles/sensor_read_basic.dir/Core/Src/stm32l4xx_hal_msp.c.obj
                0x08001d68                HAL_MspInit
 .text.HAL_I2C_MspInit
                0x08001db0       0xbc CMakeFiles/sensor_read_basic.dir/Core/Src/stm32l4xx_hal_msp.c.obj
                0x08001db0                HAL_I2C_MspInit
 .text.HAL_UART_MspInit
                0x08001e6c       0xc0 CMakeFiles/sensor_read_basic.dir/Core/Src/stm32l4xx_hal_msp.c.obj
                0x08001e6c                HAL_UART_MspInit
 .text.HAL_PCD_MspInit
                0x08001f2c      0x138 CMakeFiles/sensor_read_basic.dir/Core/Src/stm32l4xx_hal_msp.c.obj
                0x08001f2c                HAL_PCD_MspInit
 .text.NMI_Handler
                0x08002064        0x8 CMakeFiles/sensor_read_basic.dir/Core/Src/stm32l4xx_it.c.obj
                0x08002064                NMI_Handler
 .text.HardFault_Handler
                0x0800206c        0x8 CMakeFiles/sensor_read_basic.dir/Core/Src/stm32l4xx_it.c.obj
                0x0800206c                HardFault_Handler
 .text.MemManage_Handler
                0x08002074        0x8 CMakeFiles/sensor_read_basic.dir/Core/Src/stm32l4xx_it.c.obj
                0x08002074                MemManage_Handler
 .text.BusFault_Handler
                0x0800207c        0x8 CMakeFiles/sensor_read_basic.dir/Core/Src/stm32l4xx_it.c.obj
                0x0800207c                BusFault_Handler
 .text.UsageFault_Handler
                0x08002084        0x8 CMakeFiles/sensor_read_basic.dir/Core/Src/stm32l4xx_it.c.obj
                0x08002084                UsageFault_Handler
 .text.SVC_Handler
                0x0800208c        0xe CMakeFiles/sensor_read_basic.dir/Core/Src/stm32l4xx_it.c.obj
                0x0800208c                SVC_Handler
 .text.DebugMon_Handler
                0x0800209a        0xe CMakeFiles/sensor_read_basic.dir/Core/Src/stm32l4xx_it.c.obj
                0x0800209a                DebugMon_Handler
 .text.PendSV_Handler
                0x080020a8        0xe CMakeFiles/sensor_read_basic.dir/Core/Src/stm32l4xx_it.c.obj
                0x080020a8                PendSV_Handler
 .text.SysTick_Handler
                0x080020b6        0xc CMakeFiles/sensor_read_basic.dir/Core/Src/stm32l4xx_it.c.obj
                0x080020b6                SysTick_Handler
 .text._getpid  0x080020c2       0x10 CMakeFiles/sensor_read_basic.dir/Core/Src/syscalls.c.obj
                0x080020c2                _getpid
 .text._kill    0x080020d2       0x20 CMakeFiles/sensor_read_basic.dir/Core/Src/syscalls.c.obj
                0x080020d2                _kill
 .text._exit    0x080020f2       0x16 CMakeFiles/sensor_read_basic.dir/Core/Src/syscalls.c.obj
                0x080020f2                _exit
 .text._read    0x08002108       0x3a CMakeFiles/sensor_read_basic.dir/Core/Src/syscalls.c.obj
                0x08002108                _read
 .text._write   0x08002142       0x38 CMakeFiles/sensor_read_basic.dir/Core/Src/syscalls.c.obj
                0x08002142                _write
 .text._close   0x0800217a       0x18 CMakeFiles/sensor_read_basic.dir/Core/Src/syscalls.c.obj
                0x0800217a                _close
 .text._fstat   0x08002192       0x20 CMakeFiles/sensor_read_basic.dir/Core/Src/syscalls.c.obj
                0x08002192                _fstat
 .text._isatty  0x080021b2       0x16 CMakeFiles/sensor_read_basic.dir/Core/Src/syscalls.c.obj
                0x080021b2                _isatty
 .text._lseek   0x080021c8       0x1a CMakeFiles/sensor_read_basic.dir/Core/Src/syscalls.c.obj
                0x080021c8                _lseek
 *fill*         0x080021e2        0x2 
 .text._sbrk    0x080021e4       0x6c CMakeFiles/sensor_read_basic.dir/Core/Src/sysmem.c.obj
                0x080021e4                _sbrk
 .text.SystemInit
                0x08002250       0x24 CMakeFiles/sensor_read_basic.dir/Core/Src/system_stm32l4xx.c.obj
                0x08002250                SystemInit
 .text.Reset_Handler
                0x08002274       0x50 CMakeFiles/sensor_read_basic.dir/Core/Startup/startup_stm32l4a6zgtx.s.obj
                0x08002274                Reset_Handler
 .text.Default_Handler
                0x080022c4        0x2 CMakeFiles/sensor_read_basic.dir/Core/Startup/startup_stm32l4a6zgtx.s.obj
                0x080022c4                TIM1_BRK_TIM15_IRQHandler
                0x080022c4                HASH_RNG_IRQHandler
                0x080022c4                EXTI2_IRQHandler
                0x080022c4                TIM8_TRG_COM_IRQHandler
                0x080022c4                TIM8_CC_IRQHandler
                0x080022c4                TIM1_CC_IRQHandler
                0x080022c4                TSC_IRQHandler
                0x080022c4                TAMP_STAMP_IRQHandler
                0x080022c4                CAN2_RX1_IRQHandler
                0x080022c4                EXTI3_IRQHandler
                0x080022c4                LPTIM2_IRQHandler
                0x080022c4                DFSDM1_FLT1_IRQHandler
                0x080022c4                I2C3_ER_IRQHandler
                0x080022c4                DFSDM1_FLT2_IRQHandler
                0x080022c4                EXTI0_IRQHandler
                0x080022c4                I2C2_EV_IRQHandler
                0x080022c4                CAN1_RX0_IRQHandler
                0x080022c4                FPU_IRQHandler
                0x080022c4                TIM1_UP_TIM16_IRQHandler
                0x080022c4                CAN2_SCE_IRQHandler
                0x080022c4                ADC1_2_IRQHandler
                0x080022c4                SPI1_IRQHandler
                0x080022c4                TIM6_DAC_IRQHandler
                0x080022c4                DCMI_IRQHandler
                0x080022c4                CAN2_RX0_IRQHandler
                0x080022c4                TIM8_UP_IRQHandler
                0x080022c4                DMA2_Channel2_IRQHandler
                0x080022c4                DMA1_Channel4_IRQHandler
                0x080022c4                SAI2_IRQHandler
                0x080022c4                DFSDM1_FLT3_IRQHandler
                0x080022c4                USART3_IRQHandler
                0x080022c4                DMA1_Channel7_IRQHandler
                0x080022c4                CAN1_RX1_IRQHandler
                0x080022c4                LCD_IRQHandler
                0x080022c4                UART5_IRQHandler
                0x080022c4                ADC3_IRQHandler
                0x080022c4                TIM4_IRQHandler
                0x080022c4                DMA2_Channel1_IRQHandler
                0x080022c4                QUADSPI_IRQHandler
                0x080022c4                I2C1_EV_IRQHandler
                0x080022c4                DMA1_Channel6_IRQHandler
                0x080022c4                UART4_IRQHandler
                0x080022c4                DMA2_Channel4_IRQHandler
                0x080022c4                TIM3_IRQHandler
                0x080022c4                RCC_IRQHandler
                0x080022c4                DMA1_Channel1_IRQHandler
                0x080022c4                Default_Handler
                0x080022c4                DMA2_Channel7_IRQHandler
                0x080022c4                EXTI15_10_IRQHandler
                0x080022c4                TIM7_IRQHandler
                0x080022c4                SDMMC1_IRQHandler
                0x080022c4                CAN2_TX_IRQHandler
                0x080022c4                TIM5_IRQHandler
                0x080022c4                I2C3_EV_IRQHandler
                0x080022c4                EXTI9_5_IRQHandler
                0x080022c4                RTC_WKUP_IRQHandler
                0x080022c4                PVD_PVM_IRQHandler
                0x080022c4                SPI2_IRQHandler
                0x080022c4                CAN1_TX_IRQHandler
                0x080022c4                DMA2_Channel5_IRQHandler
                0x080022c4                CRS_IRQHandler
                0x080022c4                DMA1_Channel5_IRQHandler
                0x080022c4                EXTI4_IRQHandler
                0x080022c4                TIM1_TRG_COM_TIM17_IRQHandler
                0x080022c4                DMA1_Channel3_IRQHandler
                0x080022c4                COMP_IRQHandler
                0x080022c4                WWDG_IRQHandler
                0x080022c4                I2C4_EV_IRQHandler
                0x080022c4                LPUART1_IRQHandler
                0x080022c4                DMA2_Channel6_IRQHandler
                0x080022c4                TIM2_IRQHandler
                0x080022c4                DMA2D_IRQHandler
                0x080022c4                EXTI1_IRQHandler
                0x080022c4                AES_IRQHandler
                0x080022c4                USART2_IRQHandler
                0x080022c4                DFSDM1_FLT0_IRQHandler
                0x080022c4                I2C2_ER_IRQHandler
                0x080022c4                DMA1_Channel2_IRQHandler
                0x080022c4                TIM8_BRK_IRQHandler
                0x080022c4                CAN1_SCE_IRQHandler
                0x080022c4                FLASH_IRQHandler
                0x080022c4                USART1_IRQHandler
                0x080022c4                OTG_FS_IRQHandler
                0x080022c4                SPI3_IRQHandler
                0x080022c4                I2C1_ER_IRQHandler
                0x080022c4                FMC_IRQHandler
                0x080022c4                SWPMI1_IRQHandler
                0x080022c4                LPTIM1_IRQHandler
                0x080022c4                I2C4_ER_IRQHandler
                0x080022c4                SAI1_IRQHandler
                0x080022c4                DMA2_Channel3_IRQHandler
                0x080022c4                RTC_Alarm_IRQHandler
 .text.HAL_Init
                0x080022c6       0x30 CMakeFiles/sensor_read_basic.dir/Drivers/STM32L4xx_HAL_Driver/Src/stm32l4xx_hal.c.obj
                0x080022c6                HAL_Init
 *fill*         0x080022f6        0x2 
 .text.HAL_InitTick
                0x080022f8       0x78 CMakeFiles/sensor_read_basic.dir/Drivers/STM32L4xx_HAL_Driver/Src/stm32l4xx_hal.c.obj
                0x080022f8                HAL_InitTick
 .text.HAL_IncTick
                0x08002370       0x28 CMakeFiles/sensor_read_basic.dir/Drivers/STM32L4xx_HAL_Driver/Src/stm32l4xx_hal.c.obj
                0x08002370                HAL_IncTick
 .text.HAL_GetTick
                0x08002398       0x18 CMakeFiles/sensor_read_basic.dir/Drivers/STM32L4xx_HAL_Driver/Src/stm32l4xx_hal.c.obj
                0x08002398                HAL_GetTick
 .text.HAL_Delay
                0x080023b0       0x48 CMakeFiles/sensor_read_basic.dir/Drivers/STM32L4xx_HAL_Driver/Src/stm32l4xx_hal.c.obj
                0x080023b0                HAL_Delay
 .text.__NVIC_SetPriorityGrouping
                0x080023f8       0x48 CMakeFiles/sensor_read_basic.dir/Drivers/STM32L4xx_HAL_Driver/Src/stm32l4xx_hal_cortex.c.obj
 .text.__NVIC_GetPriorityGrouping
                0x08002440       0x1c CMakeFiles/sensor_read_basic.dir/Drivers/STM32L4xx_HAL_Driver/Src/stm32l4xx_hal_cortex.c.obj
 .text.__NVIC_SetPriority
                0x0800245c       0x54 CMakeFiles/sensor_read_basic.dir/Drivers/STM32L4xx_HAL_Driver/Src/stm32l4xx_hal_cortex.c.obj
 .text.NVIC_EncodePriority
                0x080024b0       0x66 CMakeFiles/sensor_read_basic.dir/Drivers/STM32L4xx_HAL_Driver/Src/stm32l4xx_hal_cortex.c.obj
 *fill*         0x08002516        0x2 
 .text.SysTick_Config
                0x08002518       0x44 CMakeFiles/sensor_read_basic.dir/Drivers/STM32L4xx_HAL_Driver/Src/stm32l4xx_hal_cortex.c.obj
 .text.HAL_NVIC_SetPriorityGrouping
                0x0800255c       0x16 CMakeFiles/sensor_read_basic.dir/Drivers/STM32L4xx_HAL_Driver/Src/stm32l4xx_hal_cortex.c.obj
                0x0800255c                HAL_NVIC_SetPriorityGrouping
 .text.HAL_NVIC_SetPriority
                0x08002572       0x38 CMakeFiles/sensor_read_basic.dir/Drivers/STM32L4xx_HAL_Driver/Src/stm32l4xx_hal_cortex.c.obj
                0x08002572                HAL_NVIC_SetPriority
 .text.HAL_SYSTICK_Config
                0x080025aa       0x18 CMakeFiles/sensor_read_basic.dir/Drivers/STM32L4xx_HAL_Driver/Src/stm32l4xx_hal_cortex.c.obj
                0x080025aa                HAL_SYSTICK_Config
 *fill*         0x080025c2        0x2 
 .text.HAL_GPIO_Init
                0x080025c4      0x324 CMakeFiles/sensor_read_basic.dir/Drivers/STM32L4xx_HAL_Driver/Src/stm32l4xx_hal_gpio.c.obj
                0x080025c4                HAL_GPIO_Init
 .text.HAL_GPIO_WritePin
                0x080028e8       0x30 CMakeFiles/sensor_read_basic.dir/Drivers/STM32L4xx_HAL_Driver/Src/stm32l4xx_hal_gpio.c.obj
                0x080028e8                HAL_GPIO_WritePin
 .text.HAL_I2C_Init
                0x08002918      0x136 CMakeFiles/sensor_read_basic.dir/Drivers/STM32L4xx_HAL_Driver/Src/stm32l4xx_hal_i2c.c.obj
                0x08002918                HAL_I2C_Init
 *fill*         0x08002a4e        0x2 
 .text.HAL_I2C_Master_Transmit
                0x08002a50      0x230 CMakeFiles/sensor_read_basic.dir/Drivers/STM32L4xx_HAL_Driver/Src/stm32l4xx_hal_i2c.c.obj
                0x08002a50                HAL_I2C_Master_Transmit
 .text.HAL_I2C_Master_Receive
                0x08002c80      0x1ec CMakeFiles/sensor_read_basic.dir/Drivers/STM32L4xx_HAL_Driver/Src/stm32l4xx_hal_i2c.c.obj
                0x08002c80                HAL_I2C_Master_Receive
 .text.I2C_Flush_TXDR
                0x08002e6c       0x48 CMakeFiles/sensor_read_basic.dir/Drivers/STM32L4xx_HAL_Driver/Src/stm32l4xx_hal_i2c.c.obj
 .text.I2C_WaitOnFlagUntilTimeout
                0x08002eb4       0xb2 CMakeFiles/sensor_read_basic.dir/Drivers/STM32L4xx_HAL_Driver/Src/stm32l4xx_hal_i2c.c.obj
 .text.I2C_WaitOnTXISFlagUntilTimeout
                0x08002f66       0x8e CMakeFiles/sensor_read_basic.dir/Drivers/STM32L4xx_HAL_Driver/Src/stm32l4xx_hal_i2c.c.obj
 .text.I2C_WaitOnSTOPFlagUntilTimeout
                0x08002ff4       0x86 CMakeFiles/sensor_read_basic.dir/Drivers/STM32L4xx_HAL_Driver/Src/stm32l4xx_hal_i2c.c.obj
 *fill*         0x0800307a        0x2 
 .text.I2C_WaitOnRXNEFlagUntilTimeout
                0x0800307c      0x118 CMakeFiles/sensor_read_basic.dir/Drivers/STM32L4xx_HAL_Driver/Src/stm32l4xx_hal_i2c.c.obj
 .text.I2C_IsErrorOccurred
                0x08003194      0x1c0 CMakeFiles/sensor_read_basic.dir/Drivers/STM32L4xx_HAL_Driver/Src/stm32l4xx_hal_i2c.c.obj
 .text.I2C_TransferConfig
                0x08003354       0x64 CMakeFiles/sensor_read_basic.dir/Drivers/STM32L4xx_HAL_Driver/Src/stm32l4xx_hal_i2c.c.obj
 .text.HAL_I2CEx_ConfigAnalogFilter
                0x080033b8       0x96 CMakeFiles/sensor_read_basic.dir/Drivers/STM32L4xx_HAL_Driver/Src/stm32l4xx_hal_i2c_ex.c.obj
                0x080033b8                HAL_I2CEx_ConfigAnalogFilter
 .text.HAL_I2CEx_ConfigDigitalFilter
                0x0800344e       0x98 CMakeFiles/sensor_read_basic.dir/Drivers/STM32L4xx_HAL_Driver/Src/stm32l4xx_hal_i2c_ex.c.obj
                0x0800344e                HAL_I2CEx_ConfigDigitalFilter
 .text.HAL_PCD_Init
                0x080034e6      0x21e CMakeFiles/sensor_read_basic.dir/Drivers/STM32L4xx_HAL_Driver/Src/stm32l4xx_hal_pcd.c.obj
                0x080034e6                HAL_PCD_Init
 .text.HAL_PCDEx_ActivateLPM
                0x08003704       0x48 CMakeFiles/sensor_read_basic.dir/Drivers/STM32L4xx_HAL_Driver/Src/stm32l4xx_hal_pcd_ex.c.obj
                0x08003704                HAL_PCDEx_ActivateLPM
 .text.HAL_PWR_EnableBkUpAccess
                0x0800374c       0x20 CMakeFiles/sensor_read_basic.dir/Drivers/STM32L4xx_HAL_Driver/Src/stm32l4xx_hal_pwr.c.obj
                0x0800374c                HAL_PWR_EnableBkUpAccess
 .text.HAL_PWREx_GetVoltageRange
                0x0800376c       0x1c CMakeFiles/sensor_read_basic.dir/Drivers/STM32L4xx_HAL_Driver/Src/stm32l4xx_hal_pwr_ex.c.obj
                0x0800376c                HAL_PWREx_GetVoltageRange
 .text.HAL_PWREx_ControlVoltageScaling
                0x08003788       0xac CMakeFiles/sensor_read_basic.dir/Drivers/STM32L4xx_HAL_Driver/Src/stm32l4xx_hal_pwr_ex.c.obj
                0x08003788                HAL_PWREx_ControlVoltageScaling
 .text.HAL_PWREx_EnableVddUSB
                0x08003834       0x20 CMakeFiles/sensor_read_basic.dir/Drivers/STM32L4xx_HAL_Driver/Src/stm32l4xx_hal_pwr_ex.c.obj
                0x08003834                HAL_PWREx_EnableVddUSB
 .text.HAL_PWREx_EnableVddIO2
                0x08003854       0x20 CMakeFiles/sensor_read_basic.dir/Drivers/STM32L4xx_HAL_Driver/Src/stm32l4xx_hal_pwr_ex.c.obj
                0x08003854                HAL_PWREx_EnableVddIO2
 .text.HAL_RCC_OscConfig
                0x08003874      0x834 CMakeFiles/sensor_read_basic.dir/Drivers/STM32L4xx_HAL_Driver/Src/stm32l4xx_hal_rcc.c.obj
                0x08003874                HAL_RCC_OscConfig
 .text.HAL_RCC_ClockConfig
                0x080040a8      0x200 CMakeFiles/sensor_read_basic.dir/Drivers/STM32L4xx_HAL_Driver/Src/stm32l4xx_hal_rcc.c.obj
                0x080040a8                HAL_RCC_ClockConfig
 .text.HAL_RCC_GetSysClockFreq
                0x080042a8      0x118 CMakeFiles/sensor_read_basic.dir/Drivers/STM32L4xx_HAL_Driver/Src/stm32l4xx_hal_rcc.c.obj
                0x080042a8                HAL_RCC_GetSysClockFreq
 .text.HAL_RCC_GetHCLKFreq
                0x080043c0       0x18 CMakeFiles/sensor_read_basic.dir/Drivers/STM32L4xx_HAL_Driver/Src/stm32l4xx_hal_rcc.c.obj
                0x080043c0                HAL_RCC_GetHCLKFreq
 .text.HAL_RCC_GetPCLK1Freq
                0x080043d8       0x2c CMakeFiles/sensor_read_basic.dir/Drivers/STM32L4xx_HAL_Driver/Src/stm32l4xx_hal_rcc.c.obj
                0x080043d8                HAL_RCC_GetPCLK1Freq
 .text.HAL_RCC_GetPCLK2Freq
                0x08004404       0x2c CMakeFiles/sensor_read_basic.dir/Drivers/STM32L4xx_HAL_Driver/Src/stm32l4xx_hal_rcc.c.obj
                0x08004404                HAL_RCC_GetPCLK2Freq
 .text.RCC_SetFlashLatencyFromMSIRange
                0x08004430       0xc0 CMakeFiles/sensor_read_basic.dir/Drivers/STM32L4xx_HAL_Driver/Src/stm32l4xx_hal_rcc.c.obj
 .text.HAL_RCCEx_PeriphCLKConfig
                0x080044f0      0x5f8 CMakeFiles/sensor_read_basic.dir/Drivers/STM32L4xx_HAL_Driver/Src/stm32l4xx_hal_rcc_ex.c.obj
                0x080044f0                HAL_RCCEx_PeriphCLKConfig
 .text.HAL_RCCEx_EnableMSIPLLMode
                0x08004ae8       0x20 CMakeFiles/sensor_read_basic.dir/Drivers/STM32L4xx_HAL_Driver/Src/stm32l4xx_hal_rcc_ex.c.obj
                0x08004ae8                HAL_RCCEx_EnableMSIPLLMode
 .text.RCCEx_PLLSAI1_Config
                0x08004b08      0x1e4 CMakeFiles/sensor_read_basic.dir/Drivers/STM32L4xx_HAL_Driver/Src/stm32l4xx_hal_rcc_ex.c.obj
 .text.RCCEx_PLLSAI2_Config
                0x08004cec      0x1b8 CMakeFiles/sensor_read_basic.dir/Drivers/STM32L4xx_HAL_Driver/Src/stm32l4xx_hal_rcc_ex.c.obj
 .text.HAL_UART_Init
                0x08004ea4       0x9c CMakeFiles/sensor_read_basic.dir/Drivers/STM32L4xx_HAL_Driver/Src/stm32l4xx_hal_uart.c.obj
                0x08004ea4                HAL_UART_Init
 .text.HAL_UART_Transmit
                0x08004f40      0x126 CMakeFiles/sensor_read_basic.dir/Drivers/STM32L4xx_HAL_Driver/Src/stm32l4xx_hal_uart.c.obj
                0x08004f40                HAL_UART_Transmit
 *fill*         0x08005066        0x2 
 .text.UART_SetConfig
                0x08005068      0x570 CMakeFiles/sensor_read_basic.dir/Drivers/STM32L4xx_HAL_Driver/Src/stm32l4xx_hal_uart.c.obj
                0x08005068                UART_SetConfig
 .text.UART_AdvFeatureConfig
                0x080055d8      0x144 CMakeFiles/sensor_read_basic.dir/Drivers/STM32L4xx_HAL_Driver/Src/stm32l4xx_hal_uart.c.obj
                0x080055d8                UART_AdvFeatureConfig
 .text.UART_CheckIdleState
                0x0800571c      0x150 CMakeFiles/sensor_read_basic.dir/Drivers/STM32L4xx_HAL_Driver/Src/stm32l4xx_hal_uart.c.obj
                0x0800571c                UART_CheckIdleState
 .text.UART_WaitOnFlagUntilTimeout
                0x0800586c       0xda CMakeFiles/sensor_read_basic.dir/Drivers/STM32L4xx_HAL_Driver/Src/stm32l4xx_hal_uart.c.obj
                0x0800586c                UART_WaitOnFlagUntilTimeout
 .text.UART_EndRxTransfer
                0x08005946       0xc8 CMakeFiles/sensor_read_basic.dir/Drivers/STM32L4xx_HAL_Driver/Src/stm32l4xx_hal_uart.c.obj
 .text.USB_CoreInit
                0x08005a0e       0x5a CMakeFiles/sensor_read_basic.dir/Drivers/STM32L4xx_HAL_Driver/Src/stm32l4xx_ll_usb.c.obj
                0x08005a0e                USB_CoreInit
 .text.USB_DisableGlobalInt
                0x08005a68       0x22 CMakeFiles/sensor_read_basic.dir/Drivers/STM32L4xx_HAL_Driver/Src/stm32l4xx_ll_usb.c.obj
                0x08005a68                USB_DisableGlobalInt
 .text.USB_SetCurrentMode
                0x08005a8a       0x98 CMakeFiles/sensor_read_basic.dir/Drivers/STM32L4xx_HAL_Driver/Src/stm32l4xx_ll_usb.c.obj
                0x08005a8a                USB_SetCurrentMode
 *fill*         0x08005b22        0x2 
 .text.USB_DevInit
                0x08005b24      0x290 CMakeFiles/sensor_read_basic.dir/Drivers/STM32L4xx_HAL_Driver/Src/stm32l4xx_ll_usb.c.obj
                0x08005b24                USB_DevInit
 .text.USB_FlushTxFifo
                0x08005db4       0x64 CMakeFiles/sensor_read_basic.dir/Drivers/STM32L4xx_HAL_Driver/Src/stm32l4xx_ll_usb.c.obj
                0x08005db4                USB_FlushTxFifo
 .text.USB_FlushRxFifo
                0x08005e18       0x5c CMakeFiles/sensor_read_basic.dir/Drivers/STM32L4xx_HAL_Driver/Src/stm32l4xx_ll_usb.c.obj
                0x08005e18                USB_FlushRxFifo
 .text.USB_SetDevSpeed
                0x08005e74       0x32 CMakeFiles/sensor_read_basic.dir/Drivers/STM32L4xx_HAL_Driver/Src/stm32l4xx_ll_usb.c.obj
                0x08005e74                USB_SetDevSpeed
 .text.USB_DevDisconnect
                0x08005ea6       0x42 CMakeFiles/sensor_read_basic.dir/Drivers/STM32L4xx_HAL_Driver/Src/stm32l4xx_ll_usb.c.obj
                0x08005ea6                USB_DevDisconnect
 .text.USB_GetMode
                0x08005ee8       0x1c CMakeFiles/sensor_read_basic.dir/Drivers/STM32L4xx_HAL_Driver/Src/stm32l4xx_ll_usb.c.obj
                0x08005ee8                USB_GetMode
 .text.USB_CoreReset
                0x08005f04       0x70 CMakeFiles/sensor_read_basic.dir/Drivers/STM32L4xx_HAL_Driver/Src/stm32l4xx_ll_usb.c.obj
 .text.__cvt    0x08005f74       0xca /opt/ST/STM32CubeCLT_1.21.0/GNU-tools-for-STM32/bin/../lib/gcc/arm-none-eabi/14.3.1/../../../../arm-none-eabi/lib/thumb/v7e-m+fp/hard/libc_nano.a(libc_a-nano-vfprintf_float.o)
                0x08005f74                __cvt
 .text.__exponent
                0x0800603e       0x74 /opt/ST/STM32CubeCLT_1.21.0/GNU-tools-for-STM32/bin/../lib/gcc/arm-none-eabi/14.3.1/../../../../arm-none-eabi/lib/thumb/v7e-m+fp/hard/libc_nano.a(libc_a-nano-vfprintf_float.o)
                0x0800603e                __exponent
 *fill*         0x080060b2        0x2 
 .text._printf_float
                0x080060b4      0x450 /opt/ST/STM32CubeCLT_1.21.0/GNU-tools-for-STM32/bin/../lib/gcc/arm-none-eabi/14.3.1/../../../../arm-none-eabi/lib/thumb/v7e-m+fp/hard/libc_nano.a(libc_a-nano-vfprintf_float.o)
                0x080060b4                _printf_float
 .text._printf_common
                0x08006504       0xda /opt/ST/STM32CubeCLT_1.21.0/GNU-tools-for-STM32/bin/../lib/gcc/arm-none-eabi/14.3.1/../../../../arm-none-eabi/lib/thumb/v7e-m+fp/hard/libc_nano.a(libc_a-nano-vfprintf_i.o)
                0x08006504                _printf_common
 *fill*         0x080065de        0x2 
 .text._printf_i
                0x080065e0      0x24c /opt/ST/STM32CubeCLT_1.21.0/GNU-tools-for-STM32/bin/../lib/gcc/arm-none-eabi/14.3.1/../../../../arm-none-eabi/lib/thumb/v7e-m+fp/hard/libc_nano.a(libc_a-nano-vfprintf_i.o)
                0x080065e0                _printf_i
 .text.snprintf
                0x0800682c       0x6c /opt/ST/STM32CubeCLT_1.21.0/GNU-tools-for-STM32/bin/../lib/gcc/arm-none-eabi/14.3.1/../../../../arm-none-eabi/lib/thumb/v7e-m+fp/hard/libc_nano.a(libc_a-snprintf.o)
                0x0800682c                snprintf
                0x0800682c                sniprintf
 .text.std      0x08006898       0x6c /opt/ST/STM32CubeCLT_1.21.0/GNU-tools-for-STM32/bin/../lib/gcc/arm-none-eabi/14.3.1/../../../../arm-none-eabi/lib/thumb/v7e-m+fp/hard/libc_nano.a(libc_a-findfp.o)
 .text.stdio_exit_handler
                0x08006904       0x18 /opt/ST/STM32CubeCLT_1.21.0/GNU-tools-for-STM32/bin/../lib/gcc/arm-none-eabi/14.3.1/../../../../arm-none-eabi/lib/thumb/v7e-m+fp/hard/libc_nano.a(libc_a-findfp.o)
 .text.cleanup_stdio
                0x0800691c       0x40 /opt/ST/STM32CubeCLT_1.21.0/GNU-tools-for-STM32/bin/../lib/gcc/arm-none-eabi/14.3.1/../../../../arm-none-eabi/lib/thumb/v7e-m+fp/hard/libc_nano.a(libc_a-findfp.o)
 .text.global_stdio_init.part.0
                0x0800695c       0x40 /opt/ST/STM32CubeCLT_1.21.0/GNU-tools-for-STM32/bin/../lib/gcc/arm-none-eabi/14.3.1/../../../../arm-none-eabi/lib/thumb/v7e-m+fp/hard/libc_nano.a(libc_a-findfp.o)
 .text.__sfp_lock_acquire
                0x0800699c        0xc /opt/ST/STM32CubeCLT_1.21.0/GNU-tools-for-STM32/bin/../lib/gcc/arm-none-eabi/14.3.1/../../../../arm-none-eabi/lib/thumb/v7e-m+fp/hard/libc_nano.a(libc_a-findfp.o)
                0x0800699c                __sfp_lock_acquire
 .text.__sfp_lock_release
                0x080069a8        0xc /opt/ST/STM32CubeCLT_1.21.0/GNU-tools-for-STM32/bin/../lib/gcc/arm-none-eabi/14.3.1/../../../../arm-none-eabi/lib/thumb/v7e-m+fp/hard/libc_nano.a(libc_a-findfp.o)
                0x080069a8                __sfp_lock_release
 .text.__sinit  0x080069b4       0x30 /opt/ST/STM32CubeCLT_1.21.0/GNU-tools-for-STM32/bin/../lib/gcc/arm-none-eabi/14.3.1/../../../../arm-none-eabi/lib/thumb/v7e-m+fp/hard/libc_nano.a(libc_a-findfp.o)
                0x080069b4                __sinit
 .text._fwalk_sglue
                0x080069e4       0x3c /opt/ST/STM32CubeCLT_1.21.0/GNU-tools-for-STM32/bin/../lib/gcc/arm-none-eabi/14.3.1/../../../../arm-none-eabi/lib/thumb/v7e-m+fp/hard/libc_nano.a(libc_a-fwalk.o)
                0x080069e4                _fwalk_sglue
 .text.memset   0x08006a20       0x10 /opt/ST/STM32CubeCLT_1.21.0/GNU-tools-for-STM32/bin/../lib/gcc/arm-none-eabi/14.3.1/../../../../arm-none-eabi/lib/thumb/v7e-m+fp/hard/libc_nano.a(libc_a-memset.o)
                0x08006a20                memset
 .text.__errno  0x08006a30        0xc /opt/ST/STM32CubeCLT_1.21.0/GNU-tools-for-STM32/bin/../lib/gcc/arm-none-eabi/14.3.1/../../../../arm-none-eabi/lib/thumb/v7e-m+fp/hard/libc_nano.a(libc_a-errno.o)
                0x08006a30                __errno
 .text.__libc_init_array
                0x08006a3c       0x48 /opt/ST/STM32CubeCLT_1.21.0/GNU-tools-for-STM32/bin/../lib/gcc/arm-none-eabi/14.3.1/../../../../arm-none-eabi/lib/thumb/v7e-m+fp/hard/libc_nano.a(libc_a-init.o)
                0x08006a3c                __libc_init_array
 .text.__retarget_lock_init_recursive
                0x08006a84        0x2 /opt/ST/STM32CubeCLT_1.21.0/GNU-tools-for-STM32/bin/../lib/gcc/arm-none-eabi/14.3.1/../../../../arm-none-eabi/lib/thumb/v7e-m+fp/hard/libc_nano.a(libc_a-lock.o)
                0x08006a84                __retarget_lock_init_recursive
 .text.__retarget_lock_acquire_recursive
                0x08006a86        0x2 /opt/ST/STM32CubeCLT_1.21.0/GNU-tools-for-STM32/bin/../lib/gcc/arm-none-eabi/14.3.1/../../../../arm-none-eabi/lib/thumb/v7e-m+fp/hard/libc_nano.a(libc_a-lock.o)
                0x08006a86                __retarget_lock_acquire_recursive
 .text.__retarget_lock_release_recursive
                0x08006a88        0x2 /opt/ST/STM32CubeCLT_1.21.0/GNU-tools-for-STM32/bin/../lib/gcc/arm-none-eabi/14.3.1/../../../../arm-none-eabi/lib/thumb/v7e-m+fp/hard/libc_nano.a(libc_a-lock.o)
                0x08006a88                __retarget_lock_release_recursive
 *fill*         0x08006a8a        0x2 
 .text._localeconv_r
                0x08006a8c        0x8 /opt/ST/STM32CubeCLT_1.21.0/GNU-tools-for-STM32/bin/../lib/gcc/arm-none-eabi/14.3.1/../../../../arm-none-eabi/lib/thumb/v7e-m+fp/hard/libc_nano.a(libc_a-localeconv.o)
                0x08006a8c                _localeconv_r
 .text.quorem   0x08006a94      0x110 /opt/ST/STM32CubeCLT_1.21.0/GNU-tools-for-STM32/bin/../lib/gcc/arm-none-eabi/14.3.1/../../../../arm-none-eabi/lib/thumb/v7e-m+fp/hard/libc_nano.a(libc_a-dtoa.o)
 *fill*         0x08006ba4        0x4 
 .text._dtoa_r  0x08006ba8      0xbb8 /opt/ST/STM32CubeCLT_1.21.0/GNU-tools-for-STM32/bin/../lib/gcc/arm-none-eabi/14.3.1/../../../../arm-none-eabi/lib/thumb/v7e-m+fp/hard/libc_nano.a(libc_a-dtoa.o)
                0x08006ba8                _dtoa_r
 .text.__ssputs_r
                0x08007760       0xc0 /opt/ST/STM32CubeCLT_1.21.0/GNU-tools-for-STM32/bin/../lib/gcc/arm-none-eabi/14.3.1/../../../../arm-none-eabi/lib/thumb/v7e-m+fp/hard/libc_nano.a(libc_a-nano-svfprintf.o)
                0x08007760                __ssputs_r
 .text._svfprintf_r
                0x08007820      0x1f0 /opt/ST/STM32CubeCLT_1.21.0/GNU-tools-for-STM32/bin/../lib/gcc/arm-none-eabi/14.3.1/../../../../arm-none-eabi/lib/thumb/v7e-m+fp/hard/libc_nano.a(libc_a-nano-svfprintf.o)
                0x08007820                _svfprintf_r
                0x08007820                _svfiprintf_r
 .text.malloc   0x08007a10       0x10 /opt/ST/STM32CubeCLT_1.21.0/GNU-tools-for-STM32/bin/../lib/gcc/arm-none-eabi/14.3.1/../../../../arm-none-eabi/lib/thumb/v7e-m+fp/hard/libc_nano.a(libc_a-malloc.o)
                0x08007a10                malloc
 .text.sbrk_aligned
                0x08007a20       0x44 /opt/ST/STM32CubeCLT_1.21.0/GNU-tools-for-STM32/bin/../lib/gcc/arm-none-eabi/14.3.1/../../../../arm-none-eabi/lib/thumb/v7e-m+fp/hard/libc_nano.a(libc_a-mallocr.o)
 .text._malloc_r
                0x08007a64      0x100 /opt/ST/STM32CubeCLT_1.21.0/GNU-tools-for-STM32/bin/../lib/gcc/arm-none-eabi/14.3.1/../../../../arm-none-eabi/lib/thumb/v7e-m+fp/hard/libc_nano.a(libc_a-mallocr.o)
                0x08007a64                _malloc_r
 .text.__sflush_r
                0x08007b64      0x104 /opt/ST/STM32CubeCLT_1.21.0/GNU-tools-for-STM32/bin/../lib/gcc/arm-none-eabi/14.3.1/../../../../arm-none-eabi/lib/thumb/v7e-m+fp/hard/libc_nano.a(libc_a-fflush.o)
                0x08007b64                __sflush_r
 .text._fflush_r
                0x08007c68       0x50 /opt/ST/STM32CubeCLT_1.21.0/GNU-tools-for-STM32/bin/../lib/gcc/arm-none-eabi/14.3.1/../../../../arm-none-eabi/lib/thumb/v7e-m+fp/hard/libc_nano.a(libc_a-fflush.o)
                0x08007c68                _fflush_r
 .text.__malloc_lock
                0x08007cb8        0xc /opt/ST/STM32CubeCLT_1.21.0/GNU-tools-for-STM32/bin/../lib/gcc/arm-none-eabi/14.3.1/../../../../arm-none-eabi/lib/thumb/v7e-m+fp/hard/libc_nano.a(libc_a-mlock.o)
                0x08007cb8                __malloc_lock
 .text.__malloc_unlock
                0x08007cc4        0xc /opt/ST/STM32CubeCLT_1.21.0/GNU-tools-for-STM32/bin/../lib/gcc/arm-none-eabi/14.3.1/../../../../arm-none-eabi/lib/thumb/v7e-m+fp/hard/libc_nano.a(libc_a-mlock.o)
                0x08007cc4                __malloc_unlock
 .text._Balloc  0x08007cd0       0x7c /opt/ST/STM32CubeCLT_1.21.0/GNU-tools-for-STM32/bin/../lib/gcc/arm-none-eabi/14.3.1/../../../../arm-none-eabi/lib/thumb/v7e-m+fp/hard/libc_nano.a(libc_a-mprec.o)
                0x08007cd0                _Balloc
 .text._Bfree   0x08007d4c       0x44 /opt/ST/STM32CubeCLT_1.21.0/GNU-tools-for-STM32/bin/../lib/gcc/arm-none-eabi/14.3.1/../../../../arm-none-eabi/lib/thumb/v7e-m+fp/hard/libc_nano.a(libc_a-mprec.o)
                0x08007d4c                _Bfree
 .text.__multadd
                0x08007d90       0x8c /opt/ST/STM32CubeCLT_1.21.0/GNU-tools-for-STM32/bin/../lib/gcc/arm-none-eabi/14.3.1/../../../../arm-none-eabi/lib/thumb/v7e-m+fp/hard/libc_nano.a(libc_a-mprec.o)
                0x08007d90                __multadd
 .text.__hi0bits
                0x08007e1c       0x3e /opt/ST/STM32CubeCLT_1.21.0/GNU-tools-for-STM32/bin/../lib/gcc/arm-none-eabi/14.3.1/../../../../arm-none-eabi/lib/thumb/v7e-m+fp/hard/libc_nano.a(libc_a-mprec.o)
                0x08007e1c                __hi0bits
 .text.__lo0bits
                0x08007e5a       0x5a /opt/ST/STM32CubeCLT_1.21.0/GNU-tools-for-STM32/bin/../lib/gcc/arm-none-eabi/14.3.1/../../../../arm-none-eabi/lib/thumb/v7e-m+fp/hard/libc_nano.a(libc_a-mprec.o)
                0x08007e5a                __lo0bits
 .text.__i2b    0x08007eb4       0x2c /opt/ST/STM32CubeCLT_1.21.0/GNU-tools-for-STM32/bin/../lib/gcc/arm-none-eabi/14.3.1/../../../../arm-none-eabi/lib/thumb/v7e-m+fp/hard/libc_nano.a(libc_a-mprec.o)
                0x08007eb4                __i2b
 .text.__multiply
                0x08007ee0      0x154 /opt/ST/STM32CubeCLT_1.21.0/GNU-tools-for-STM32/bin/../lib/gcc/arm-none-eabi/14.3.1/../../../../arm-none-eabi/lib/thumb/v7e-m+fp/hard/libc_nano.a(libc_a-mprec.o)
                0x08007ee0                __multiply
 .text.__pow5mult
                0x08008034       0xb8 /opt/ST/STM32CubeCLT_1.21.0/GNU-tools-for-STM32/bin/../lib/gcc/arm-none-eabi/14.3.1/../../../../arm-none-eabi/lib/thumb/v7e-m+fp/hard/libc_nano.a(libc_a-mprec.o)
                0x08008034                __pow5mult
 .text.__lshift
                0x080080ec       0xdc /opt/ST/STM32CubeCLT_1.21.0/GNU-tools-for-STM32/bin/../lib/gcc/arm-none-eabi/14.3.1/../../../../arm-none-eabi/lib/thumb/v7e-m+fp/hard/libc_nano.a(libc_a-mprec.o)
                0x080080ec                __lshift
 .text.__mcmp   0x080081c8       0x36 /opt/ST/STM32CubeCLT_1.21.0/GNU-tools-for-STM32/bin/../lib/gcc/arm-none-eabi/14.3.1/../../../../arm-none-eabi/lib/thumb/v7e-m+fp/hard/libc_nano.a(libc_a-mprec.o)
                0x080081c8                __mcmp
 *fill*         0x080081fe        0x2 
 .text.__mdiff  0x08008200      0x130 /opt/ST/STM32CubeCLT_1.21.0/GNU-tools-for-STM32/bin/../lib/gcc/arm-none-eabi/14.3.1/../../../../arm-none-eabi/lib/thumb/v7e-m+fp/hard/libc_nano.a(libc_a-mprec.o)
                0x08008200                __mdiff
 .text.__d2b    0x08008330       0xb0 /opt/ST/STM32CubeCLT_1.21.0/GNU-tools-for-STM32/bin/../lib/gcc/arm-none-eabi/14.3.1/../../../../arm-none-eabi/lib/thumb/v7e-m+fp/hard/libc_nano.a(libc_a-mprec.o)
                0x08008330                __d2b
 .text.__sread  0x080083e0       0x22 /opt/ST/STM32CubeCLT_1.21.0/GNU-tools-for-STM32/bin/../lib/gcc/arm-none-eabi/14.3.1/../../../../arm-none-eabi/lib/thumb/v7e-m+fp/hard/libc_nano.a(libc_a-stdio.o)
                0x080083e0                __sread
 .text.__swrite
                0x08008402       0x38 /opt/ST/STM32CubeCLT_1.21.0/GNU-tools-for-STM32/bin/../lib/gcc/arm-none-eabi/14.3.1/../../../../arm-none-eabi/lib/thumb/v7e-m+fp/hard/libc_nano.a(libc_a-stdio.o)
                0x08008402                __swrite
 .text.__sseek  0x0800843a       0x26 /opt/ST/STM32CubeCLT_1.21.0/GNU-tools-for-STM32/bin/../lib/gcc/arm-none-eabi/14.3.1/../../../../arm-none-eabi/lib/thumb/v7e-m+fp/hard/libc_nano.a(libc_a-stdio.o)
                0x0800843a                __sseek
 .text.__sclose
                0x08008460        0x8 /opt/ST/STM32CubeCLT_1.21.0/GNU-tools-for-STM32/bin/../lib/gcc/arm-none-eabi/14.3.1/../../../../arm-none-eabi/lib/thumb/v7e-m+fp/hard/libc_nano.a(libc_a-stdio.o)
                0x08008460                __sclose
 .text._realloc_r
                0x08008468       0x5c /opt/ST/STM32CubeCLT_1.21.0/GNU-tools-for-STM32/bin/../lib/gcc/arm-none-eabi/14.3.1/../../../../arm-none-eabi/lib/thumb/v7e-m+fp/hard/libc_nano.a(libc_a-reallocr.o)
                0x08008468                _realloc_r
 .text.memmove  0x080084c4       0x32 /opt/ST/STM32CubeCLT_1.21.0/GNU-tools-for-STM32/bin/../lib/gcc/arm-none-eabi/14.3.1/../../../../arm-none-eabi/lib/thumb/v7e-m+fp/hard/libc_nano.a(libc_a-memmove.o)
                0x080084c4                memmove
 *fill*         0x080084f6        0x2 
 .text._lseek_r
                0x080084f8       0x24 /opt/ST/STM32CubeCLT_1.21.0/GNU-tools-for-STM32/bin/../lib/gcc/arm-none-eabi/14.3.1/../../../../arm-none-eabi/lib/thumb/v7e-m+fp/hard/libc_nano.a(libc_a-lseekr.o)
                0x080084f8                _lseek_r
 .text._read_r  0x0800851c       0x24 /opt/ST/STM32CubeCLT_1.21.0/GNU-tools-for-STM32/bin/../lib/gcc/arm-none-eabi/14.3.1/../../../../arm-none-eabi/lib/thumb/v7e-m+fp/hard/libc_nano.a(libc_a-readr.o)
                0x0800851c                _read_r
 .text._sbrk_r  0x08008540       0x20 /opt/ST/STM32CubeCLT_1.21.0/GNU-tools-for-STM32/bin/../lib/gcc/arm-none-eabi/14.3.1/../../../../arm-none-eabi/lib/thumb/v7e-m+fp/hard/libc_nano.a(libc_a-sbrkr.o)
                0x08008540                _sbrk_r
 .text._write_r
                0x08008560       0x24 /opt/ST/STM32CubeCLT_1.21.0/GNU-tools-for-STM32/bin/../lib/gcc/arm-none-eabi/14.3.1/../../../../arm-none-eabi/lib/thumb/v7e-m+fp/hard/libc_nano.a(libc_a-writer.o)
                0x08008560                _write_r
 .text._close_r
                0x08008584       0x20 /opt/ST/STM32CubeCLT_1.21.0/GNU-tools-for-STM32/bin/../lib/gcc/arm-none-eabi/14.3.1/../../../../arm-none-eabi/lib/thumb/v7e-m+fp/hard/libc_nano.a(libc_a-closer.o)
                0x08008584                _close_r
 .text.memcpy   0x080085a4       0x1c /opt/ST/STM32CubeCLT_1.21.0/GNU-tools-for-STM32/bin/../lib/gcc/arm-none-eabi/14.3.1/../../../../arm-none-eabi/lib/thumb/v7e-m+fp/hard/libc_nano.a(libc_a-memcpy-stub.o)
                0x080085a4                memcpy
 .text.__assert_func
                0x080085c0       0x3c /opt/ST/STM32CubeCLT_1.21.0/GNU-tools-for-STM32/bin/../lib/gcc/arm-none-eabi/14.3.1/../../../../arm-none-eabi/lib/thumb/v7e-m+fp/hard/libc_nano.a(libc_a-assert.o)
                0x080085c0                __assert_func
 .text._calloc_r
                0x080085fc       0x28 /opt/ST/STM32CubeCLT_1.21.0/GNU-tools-for-STM32/bin/../lib/gcc/arm-none-eabi/14.3.1/../../../../arm-none-eabi/lib/thumb/v7e-m+fp/hard/libc_nano.a(libc_a-callocr.o)
                0x080085fc                _calloc_r
 .text._free_r  0x08008624       0x94 /opt/ST/STM32CubeCLT_1.21.0/GNU-tools-for-STM32/bin/../lib/gcc/arm-none-eabi/14.3.1/../../../../arm-none-eabi/lib/thumb/v7e-m+fp/hard/libc_nano.a(libc_a-freer.o)
                0x08008624                _free_r
 .text.__ascii_mbtowc
                0x080086b8       0x24 /opt/ST/STM32CubeCLT_1.21.0/GNU-tools-for-STM32/bin/../lib/gcc/arm-none-eabi/14.3.1/../../../../arm-none-eabi/lib/thumb/v7e-m+fp/hard/libc_nano.a(libc_a-mbtowc_r.o)
                0x080086b8                __ascii_mbtowc
 .text._malloc_usable_size_r
                0x080086dc       0x10 /opt/ST/STM32CubeCLT_1.21.0/GNU-tools-for-STM32/bin/../lib/gcc/arm-none-eabi/14.3.1/../../../../arm-none-eabi/lib/thumb/v7e-m+fp/hard/libc_nano.a(libc_a-msizer.o)
                0x080086dc                _malloc_usable_size_r
 .text.fprintf  0x080086ec       0x24 /opt/ST/STM32CubeCLT_1.21.0/GNU-tools-for-STM32/bin/../lib/gcc/arm-none-eabi/14.3.1/../../../../arm-none-eabi/lib/thumb/v7e-m+fp/hard/libc_nano.a(libc_a-fprintf.o)
                0x080086ec                fprintf
                0x080086ec                fiprintf
 .text.__ascii_wctomb
                0x08008710       0x1a /opt/ST/STM32CubeCLT_1.21.0/GNU-tools-for-STM32/bin/../lib/gcc/arm-none-eabi/14.3.1/../../../../arm-none-eabi/lib/thumb/v7e-m+fp/hard/libc_nano.a(libc_a-wctomb_r.o)
                0x08008710                __ascii_wctomb
 .text.abort    0x0800872a        0xe /opt/ST/STM32CubeCLT_1.21.0/GNU-tools-for-STM32/bin/../lib/gcc/arm-none-eabi/14.3.1/../../../../arm-none-eabi/lib/thumb/v7e-m+fp/hard/libc_nano.a(libc_a-abort.o)
                0x0800872a                abort
 .text.__sfputc_r
                0x08008738       0x2e /opt/ST/STM32CubeCLT_1.21.0/GNU-tools-for-STM32/bin/../lib/gcc/arm-none-eabi/14.3.1/../../../../arm-none-eabi/lib/thumb/v7e-m+fp/hard/libc_nano.a(libc_a-nano-vfprintf.o)
 .text.__sfputs_r
                0x08008766       0x24 /opt/ST/STM32CubeCLT_1.21.0/GNU-tools-for-STM32/bin/../lib/gcc/arm-none-eabi/14.3.1/../../../../arm-none-eabi/lib/thumb/v7e-m+fp/hard/libc_nano.a(libc_a-nano-vfprintf.o)
                0x08008766                __sfputs_r
 *fill*         0x0800878a        0x2 
 .text._vfprintf_r
                0x0800878c      0x228 /opt/ST/STM32CubeCLT_1.21.0/GNU-tools-for-STM32/bin/../lib/gcc/arm-none-eabi/14.3.1/../../../../arm-none-eabi/lib/thumb/v7e-m+fp/hard/libc_nano.a(libc_a-nano-vfprintf.o)
                0x0800878c                _vfiprintf_r
                0x0800878c                _vfprintf_r
 .text.__swbuf_r
                0x080089b4       0x7c /opt/ST/STM32CubeCLT_1.21.0/GNU-tools-for-STM32/bin/../lib/gcc/arm-none-eabi/14.3.1/../../../../arm-none-eabi/lib/thumb/v7e-m+fp/hard/libc_nano.a(libc_a-wbuf.o)
                0x080089b4                __swbuf_r
 .text.__swsetup_r
                0x08008a30       0xa8 /opt/ST/STM32CubeCLT_1.21.0/GNU-tools-for-STM32/bin/../lib/gcc/arm-none-eabi/14.3.1/../../../../arm-none-eabi/lib/thumb/v7e-m+fp/hard/libc_nano.a(libc_a-wsetup.o)
                0x08008a30                __swsetup_r
 .text.__swhatbuf_r
                0x08008ad8       0x48 /opt/ST/STM32CubeCLT_1.21.0/GNU-tools-for-STM32/bin/../lib/gcc/arm-none-eabi/14.3.1/../../../../arm-none-eabi/lib/thumb/v7e-m+fp/hard/libc_nano.a(libc_a-makebuf.o)
                0x08008ad8                __swhatbuf_r
 .text.__smakebuf_r
                0x08008b20       0x72 /opt/ST/STM32CubeCLT_1.21.0/GNU-tools-for-STM32/bin/../lib/gcc/arm-none-eabi/14.3.1/../../../../arm-none-eabi/lib/thumb/v7e-m+fp/hard/libc_nano.a(libc_a-makebuf.o)
                0x08008b20                __smakebuf_r
 .text._raise_r
                0x08008b92       0x50 /opt/ST/STM32CubeCLT_1.21.0/GNU-tools-for-STM32/bin/../lib/gcc/arm-none-eabi/14.3.1/../../../../arm-none-eabi/lib/thumb/v7e-m+fp/hard/libc_nano.a(libc_a-signal.o)
                0x08008b92                _raise_r
 *fill*         0x08008be2        0x2 
 .text.raise    0x08008be4       0x10 /opt/ST/STM32CubeCLT_1.21.0/GNU-tools-for-STM32/bin/../lib/gcc/arm-none-eabi/14.3.1/../../../../arm-none-eabi/lib/thumb/v7e-m+fp/hard/libc_nano.a(libc_a-signal.o)
                0x08008be4                raise
 .text._isatty_r
                0x08008bf4       0x20 /opt/ST/STM32CubeCLT_1.21.0/GNU-tools-for-STM32/bin/../lib/gcc/arm-none-eabi/14.3.1/../../../../arm-none-eabi/lib/thumb/v7e-m+fp/hard/libc_nano.a(libc_a-isattyr.o)
                0x08008bf4                _isatty_r
 .text._kill_r  0x08008c14       0x24 /opt/ST/STM32CubeCLT_1.21.0/GNU-tools-for-STM32/bin/../lib/gcc/arm-none-eabi/14.3.1/../../../../arm-none-eabi/lib/thumb/v7e-m+fp/hard/libc_nano.a(libc_a-signalr.o)
                0x08008c14                _kill_r
 .text._getpid_r
                0x08008c38        0x4 /opt/ST/STM32CubeCLT_1.21.0/GNU-tools-for-STM32/bin/../lib/gcc/arm-none-eabi/14.3.1/../../../../arm-none-eabi/lib/thumb/v7e-m+fp/hard/libc_nano.a(libc_a-signalr.o)
                0x08008c38                _getpid_r
 .text._fstat_r
                0x08008c3c       0x24 /opt/ST/STM32CubeCLT_1.21.0/GNU-tools-for-STM32/bin/../lib/gcc/arm-none-eabi/14.3.1/../../../../arm-none-eabi/lib/thumb/v7e-m+fp/hard/libc_nano.a(libc_a-fstatr.o)
                0x08008c3c                _fstat_r
 *(.glue_7)
 .glue_7        0x08008c60        0x0 linker stubs
 *(.glue_7t)
 .glue_7t       0x08008c60        0x0 linker stubs
 *(.eh_frame)
 .eh_frame      0x08008c60        0x0 /opt/ST/STM32CubeCLT_1.21.0/GNU-tools-for-STM32/bin/../lib/gcc/arm-none-eabi/14.3.1/thumb/v7e-m+fp/hard/crtbegin.o
 *(.init)
 .init          0x08008c60        0x4 /opt/ST/STM32CubeCLT_1.21.0/GNU-tools-for-STM32/bin/../lib/gcc/arm-none-eabi/14.3.1/thumb/v7e-m+fp/hard/crti.o
                0x08008c60                _init
 .init          0x08008c64        0x8 /opt/ST/STM32CubeCLT_1.21.0/GNU-tools-for-STM32/bin/../lib/gcc/arm-none-eabi/14.3.1/thumb/v7e-m+fp/hard/crtn.o
 *(.fini)
 .fini          0x08008c6c        0x4 /opt/ST/STM32CubeCLT_1.21.0/GNU-tools-for-STM32/bin/../lib/gcc/arm-none-eabi/14.3.1/thumb/v7e-m+fp/hard/crti.o
                0x08008c6c                _fini
 .fini          0x08008c70        0x8 /opt/ST/STM32CubeCLT_1.21.0/GNU-tools-for-STM32/bin/../lib/gcc/arm-none-eabi/14.3.1/thumb/v7e-m+fp/hard/crtn.o
                0x08008c78                        . = ALIGN (0x4)
                0x08008c78                        _etext = .

.vfp11_veneer   0x08008c78        0x0
 .vfp11_veneer  0x08008c78        0x0 linker stubs

.v4_bx          0x08008c78        0x0
 .v4_bx         0x08008c78        0x0 linker stubs

.iplt           0x08008c78        0x0
 .iplt          0x08008c78        0x0 /opt/ST/STM32CubeCLT_1.21.0/GNU-tools-for-STM32/bin/../lib/gcc/arm-none-eabi/14.3.1/thumb/v7e-m+fp/hard/crtbegin.o

.rodata         0x08008c78      0x4d4
                0x08008c78                        . = ALIGN (0x4)
 *(.rodata)
 .rodata        0x08008c78      0x117 CMakeFiles/sensor_read_basic.dir/Core/Src/main.c.obj
 *(.rodata*)
 *fill*         0x08008d8f        0x1 
 .rodata.AHBPrescTable
                0x08008d90       0x10 CMakeFiles/sensor_read_basic.dir/Core/Src/system_stm32l4xx.c.obj
                0x08008d90                AHBPrescTable
 .rodata.APBPrescTable
                0x08008da0        0x8 CMakeFiles/sensor_read_basic.dir/Core/Src/system_stm32l4xx.c.obj
                0x08008da0                APBPrescTable
 .rodata.MSIRangeTable
                0x08008da8       0x30 CMakeFiles/sensor_read_basic.dir/Core/Src/system_stm32l4xx.c.obj
                0x08008da8                MSIRangeTable
 .rodata._printf_float.str1.1
                0x08008dd8      0x171 /opt/ST/STM32CubeCLT_1.21.0/GNU-tools-for-STM32/bin/../lib/gcc/arm-none-eabi/14.3.1/../../../../arm-none-eabi/lib/thumb/v7e-m+fp/hard/libc_nano.a(libc_a-nano-vfprintf_float.o)
                                 0x12 (size before relaxing)
 .rodata._printf_i.str1.1
                0x08008f49       0x22 /opt/ST/STM32CubeCLT_1.21.0/GNU-tools-for-STM32/bin/../lib/gcc/arm-none-eabi/14.3.1/../../../../arm-none-eabi/lib/thumb/v7e-m+fp/hard/libc_nano.a(libc_a-nano-vfprintf_i.o)
 .rodata._dtoa_r.str1.1
                0x08008f49       0x8f /opt/ST/STM32CubeCLT_1.21.0/GNU-tools-for-STM32/bin/../lib/gcc/arm-none-eabi/14.3.1/../../../../arm-none-eabi/lib/thumb/v7e-m+fp/hard/libc_nano.a(libc_a-dtoa.o)
 .rodata._svfprintf_r.str1.1
                0x08008f49       0x11 /opt/ST/STM32CubeCLT_1.21.0/GNU-tools-for-STM32/bin/../lib/gcc/arm-none-eabi/14.3.1/../../../../arm-none-eabi/lib/thumb/v7e-m+fp/hard/libc_nano.a(libc_a-nano-svfprintf.o)
 .rodata._Balloc.str1.1
                0x08008f49       0x70 /opt/ST/STM32CubeCLT_1.21.0/GNU-tools-for-STM32/bin/../lib/gcc/arm-none-eabi/14.3.1/../../../../arm-none-eabi/lib/thumb/v7e-m+fp/hard/libc_nano.a(libc_a-mprec.o)
 .rodata.__multadd.str1.1
                0x08008f49       0x11 /opt/ST/STM32CubeCLT_1.21.0/GNU-tools-for-STM32/bin/../lib/gcc/arm-none-eabi/14.3.1/../../../../arm-none-eabi/lib/thumb/v7e-m+fp/hard/libc_nano.a(libc_a-mprec.o)
 *fill*         0x08008f49        0x3 
 .rodata.p05.0  0x08008f4c        0xc /opt/ST/STM32CubeCLT_1.21.0/GNU-tools-for-STM32/bin/../lib/gcc/arm-none-eabi/14.3.1/../../../../arm-none-eabi/lib/thumb/v7e-m+fp/hard/libc_nano.a(libc_a-mprec.o)
 .rodata.__mprec_bigtens
                0x08008f58       0x28 /opt/ST/STM32CubeCLT_1.21.0/GNU-tools-for-STM32/bin/../lib/gcc/arm-none-eabi/14.3.1/../../../../arm-none-eabi/lib/thumb/v7e-m+fp/hard/libc_nano.a(libc_a-mprec.o)
                0x08008f58                __mprec_bigtens
 .rodata.__mprec_tens
                0x08008f80       0xc8 /opt/ST/STM32CubeCLT_1.21.0/GNU-tools-for-STM32/bin/../lib/gcc/arm-none-eabi/14.3.1/../../../../arm-none-eabi/lib/thumb/v7e-m+fp/hard/libc_nano.a(libc_a-mprec.o)
                0x08008f80                __mprec_tens
 .rodata._setlocale_r.str1.1
                0x08009048        0x9 /opt/ST/STM32CubeCLT_1.21.0/GNU-tools-for-STM32/bin/../lib/gcc/arm-none-eabi/14.3.1/../../../../arm-none-eabi/lib/thumb/v7e-m+fp/hard/libc_nano.a(libc_a-locale.o)
 .rodata.str1.1
                0x08009048        0x2 /opt/ST/STM32CubeCLT_1.21.0/GNU-tools-for-STM32/bin/../lib/gcc/arm-none-eabi/14.3.1/../../../../arm-none-eabi/lib/thumb/v7e-m+fp/hard/libc_nano.a(libc_a-locale.o)
 .rodata._ctype_
                0x08009048      0x101 /opt/ST/STM32CubeCLT_1.21.0/GNU-tools-for-STM32/bin/../lib/gcc/arm-none-eabi/14.3.1/../../../../arm-none-eabi/lib/thumb/v7e-m+fp/hard/libc_nano.a(libc_a-ctype_.o)
                0x08009048                _ctype_
 .rodata.__assert_func.str1.1
                0x08009149       0x3d /opt/ST/STM32CubeCLT_1.21.0/GNU-tools-for-STM32/bin/../lib/gcc/arm-none-eabi/14.3.1/../../../../arm-none-eabi/lib/thumb/v7e-m+fp/hard/libc_nano.a(libc_a-assert.o)
 .rodata._vfprintf_r.str1.1
                0x08009149       0x11 /opt/ST/STM32CubeCLT_1.21.0/GNU-tools-for-STM32/bin/../lib/gcc/arm-none-eabi/14.3.1/../../../../arm-none-eabi/lib/thumb/v7e-m+fp/hard/libc_nano.a(libc_a-nano-vfprintf.o)
                0x08009188                        . = ALIGN (0x4)
 *fill*         0x08009149        0x3 

.ARM.extab      0x0800914c        0x0
                0x0800914c                        . = ALIGN (0x4)
 *(.ARM.extab* .gnu.linkonce.armextab.*)
                0x0800914c                        . = ALIGN (0x4)

.ARM            0x0800914c        0x8
                0x0800914c                        . = ALIGN (0x4)
                0x0800914c                        __exidx_start = .
 *(.ARM.exidx*)
 .ARM.exidx     0x0800914c        0x8 /opt/ST/STM32CubeCLT_1.21.0/GNU-tools-for-STM32/bin/../lib/gcc/arm-none-eabi/14.3.1/thumb/v7e-m+fp/hard/libgcc.a(_udivmoddi4.o)
 .ARM.exidx     0x08009154        0x0 /opt/ST/STM32CubeCLT_1.21.0/GNU-tools-for-STM32/bin/../lib/gcc/arm-none-eabi/14.3.1/../../../../arm-none-eabi/lib/thumb/v7e-m+fp/hard/libc_nano.a(libc_a-memchr.o)
                                  0x8 (size before relaxing)
 .ARM.exidx     0x08009154        0x0 /opt/ST/STM32CubeCLT_1.21.0/GNU-tools-for-STM32/bin/../lib/gcc/arm-none-eabi/14.3.1/../../../../arm-none-eabi/lib/thumb/v7e-m+fp/hard/libc_nano.a(libc_a-strlen.o)
                                  0x8 (size before relaxing)
                0x08009154                        __exidx_end = .
                0x08009154                        . = ALIGN (0x4)

.preinit_array  0x08009154        0x0
                0x08009154                        . = ALIGN (0x4)
                0x08009154                        PROVIDE (__preinit_array_start = .)
 *(.preinit_array*)
                0x08009154                        PROVIDE (__preinit_array_end = .)
                0x08009154                        . = ALIGN (0x4)

.init_array     0x08009154        0x4
                0x08009154                        . = ALIGN (0x4)
                0x08009154                        PROVIDE (__init_array_start = .)
 *(SORT_BY_NAME(.init_array.*))
 *(.init_array*)
 .init_array    0x08009154        0x4 /opt/ST/STM32CubeCLT_1.21.0/GNU-tools-for-STM32/bin/../lib/gcc/arm-none-eabi/14.3.1/thumb/v7e-m+fp/hard/crtbegin.o
                0x08009158                        PROVIDE (__init_array_end = .)
                0x08009158                        . = ALIGN (0x4)

.fini_array     0x08009158        0x4
                0x08009158                        . = ALIGN (0x4)
                [!provide]                        PROVIDE (__fini_array_start = .)
 *(SORT_BY_NAME(.fini_array.*))
 *(.fini_array*)
 .fini_array    0x08009158        0x4 /opt/ST/STM32CubeCLT_1.21.0/GNU-tools-for-STM32/bin/../lib/gcc/arm-none-eabi/14.3.1/thumb/v7e-m+fp/hard/crtbegin.o
                [!provide]                        PROVIDE (__fini_array_end = .)
                0x0800915c                        . = ALIGN (0x4)
                0x0800915c                        _sidata = LOADADDR (.data)

.rel.dyn        0x0800915c        0x0
 .rel.iplt      0x0800915c        0x0 /opt/ST/STM32CubeCLT_1.21.0/GNU-tools-for-STM32/bin/../lib/gcc/arm-none-eabi/14.3.1/thumb/v7e-m+fp/hard/crtbegin.o

.data           0x20000000      0x1d4 load address 0x0800915c
                0x20000000                        . = ALIGN (0x4)
                0x20000000                        _sdata = .
 *(.data)
 *(.data*)
 .data.SystemCoreClock
                0x20000000        0x4 CMakeFiles/sensor_read_basic.dir/Core/Src/system_stm32l4xx.c.obj
                0x20000000                SystemCoreClock
 .data.uwTickPrio
                0x20000004        0x4 CMakeFiles/sensor_read_basic.dir/Drivers/STM32L4xx_HAL_Driver/Src/stm32l4xx_hal.c.obj
                0x20000004                uwTickPrio
 .data.uwTickFreq
                0x20000008        0x1 CMakeFiles/sensor_read_basic.dir/Drivers/STM32L4xx_HAL_Driver/Src/stm32l4xx_hal.c.obj
                0x20000008                uwTickFreq
 *fill*         0x20000009        0x3 
 .data.__sglue  0x2000000c        0xc /opt/ST/STM32CubeCLT_1.21.0/GNU-tools-for-STM32/bin/../lib/gcc/arm-none-eabi/14.3.1/../../../../arm-none-eabi/lib/thumb/v7e-m+fp/hard/libc_nano.a(libc_a-findfp.o)
                0x2000000c                __sglue
 .data._impure_ptr
                0x20000018        0x4 /opt/ST/STM32CubeCLT_1.21.0/GNU-tools-for-STM32/bin/../lib/gcc/arm-none-eabi/14.3.1/../../../../arm-none-eabi/lib/thumb/v7e-m+fp/hard/libc_nano.a(libc_a-impure.o)
                0x20000018                _impure_ptr
 .data._impure_data
                0x2000001c       0x4c /opt/ST/STM32CubeCLT_1.21.0/GNU-tools-for-STM32/bin/../lib/gcc/arm-none-eabi/14.3.1/../../../../arm-none-eabi/lib/thumb/v7e-m+fp/hard/libc_nano.a(libc_a-impure.o)
                0x2000001c                _impure_data
 .data.__global_locale
                0x20000068      0x16c /opt/ST/STM32CubeCLT_1.21.0/GNU-tools-for-STM32/bin/../lib/gcc/arm-none-eabi/14.3.1/../../../../arm-none-eabi/lib/thumb/v7e-m+fp/hard/libc_nano.a(libc_a-locale.o)
                0x20000068                __global_locale
 *(.RamFunc)
 *(.RamFunc*)
                0x200001d4                        . = ALIGN (0x4)
                0x200001d4                        _edata = .

.igot.plt       0x200001d4        0x0 load address 0x08009330
 .igot.plt      0x200001d4        0x0 /opt/ST/STM32CubeCLT_1.21.0/GNU-tools-for-STM32/bin/../lib/gcc/arm-none-eabi/14.3.1/thumb/v7e-m+fp/hard/crtbegin.o
                0x200001d4                        . = ALIGN (0x4)

.bss            0x200001d4      0x7c4 load address 0x08009330
                0x200001d4                        _sbss = .
                0x200001d4                        __bss_start__ = _sbss
 *(.bss)
 .bss           0x200001d4       0x1c /opt/ST/STM32CubeCLT_1.21.0/GNU-tools-for-STM32/bin/../lib/gcc/arm-none-eabi/14.3.1/thumb/v7e-m+fp/hard/crtbegin.o
 *(.bss*)
 .bss.hi2c2     0x200001f0       0x54 CMakeFiles/sensor_read_basic.dir/Core/Src/main.c.obj
                0x200001f0                hi2c2
 .bss.hlpuart1  0x20000244       0x88 CMakeFiles/sensor_read_basic.dir/Core/Src/main.c.obj
                0x20000244                hlpuart1
 .bss.hpcd_USB_OTG_FS
                0x200002cc      0x4e4 CMakeFiles/sensor_read_basic.dir/Core/Src/main.c.obj
                0x200002cc                hpcd_USB_OTG_FS
 .bss.uart_buf  0x200007b0       0x80 CMakeFiles/sensor_read_basic.dir/Core/Src/main.c.obj
 .bss.communication_buffer
                0x20000830        0x9 CMakeFiles/sensor_read_basic.dir/Core/Src/scd4x_i2c.c.obj
 .bss._i2c_address
                0x20000839        0x1 CMakeFiles/sensor_read_basic.dir/Core/Src/scd4x_i2c.c.obj
 *fill*         0x2000083a        0x2 
 .bss.communication_buffer
                0x2000083c        0x6 CMakeFiles/sensor_read_basic.dir/Core/Src/sht4x_i2c.c.obj
 .bss._i2c_address
                0x20000842        0x1 CMakeFiles/sensor_read_basic.dir/Core/Src/sht4x_i2c.c.obj
 *fill*         0x20000843        0x1 
 .bss.__sbrk_heap_end
                0x20000844        0x4 CMakeFiles/sensor_read_basic.dir/Core/Src/sysmem.c.obj
 .bss.uwTick    0x20000848        0x4 CMakeFiles/sensor_read_basic.dir/Drivers/STM32L4xx_HAL_Driver/Src/stm32l4xx_hal.c.obj
                0x20000848                uwTick
 .bss.__sf      0x2000084c      0x138 /opt/ST/STM32CubeCLT_1.21.0/GNU-tools-for-STM32/bin/../lib/gcc/arm-none-eabi/14.3.1/../../../../arm-none-eabi/lib/thumb/v7e-m+fp/hard/libc_nano.a(libc_a-findfp.o)
                0x2000084c                __sf
 .bss.__stdio_exit_handler
                0x20000984        0x4 /opt/ST/STM32CubeCLT_1.21.0/GNU-tools-for-STM32/bin/../lib/gcc/arm-none-eabi/14.3.1/../../../../arm-none-eabi/lib/thumb/v7e-m+fp/hard/libc_nano.a(libc_a-findfp.o)
                0x20000984                __stdio_exit_handler
 .bss.__lock___malloc_recursive_mutex
                0x20000988        0x1 /opt/ST/STM32CubeCLT_1.21.0/GNU-tools-for-STM32/bin/../lib/gcc/arm-none-eabi/14.3.1/../../../../arm-none-eabi/lib/thumb/v7e-m+fp/hard/libc_nano.a(libc_a-lock.o)
                0x20000988                __lock___malloc_recursive_mutex
 .bss.__lock___sfp_recursive_mutex
                0x20000989        0x1 /opt/ST/STM32CubeCLT_1.21.0/GNU-tools-for-STM32/bin/../lib/gcc/arm-none-eabi/14.3.1/../../../../arm-none-eabi/lib/thumb/v7e-m+fp/hard/libc_nano.a(libc_a-lock.o)
                0x20000989                __lock___sfp_recursive_mutex
 *fill*         0x2000098a        0x2 
 .bss.__malloc_sbrk_start
                0x2000098c        0x4 /opt/ST/STM32CubeCLT_1.21.0/GNU-tools-for-STM32/bin/../lib/gcc/arm-none-eabi/14.3.1/../../../../arm-none-eabi/lib/thumb/v7e-m+fp/hard/libc_nano.a(libc_a-mallocr.o)
                0x2000098c                __malloc_sbrk_start
 .bss.__malloc_free_list
                0x20000990        0x4 /opt/ST/STM32CubeCLT_1.21.0/GNU-tools-for-STM32/bin/../lib/gcc/arm-none-eabi/14.3.1/../../../../arm-none-eabi/lib/thumb/v7e-m+fp/hard/libc_nano.a(libc_a-mallocr.o)
                0x20000990                __malloc_free_list
 .bss.errno     0x20000994        0x4 /opt/ST/STM32CubeCLT_1.21.0/GNU-tools-for-STM32/bin/../lib/gcc/arm-none-eabi/14.3.1/../../../../arm-none-eabi/lib/thumb/v7e-m+fp/hard/libc_nano.a(libc_a-reent.o)
                0x20000994                errno
 *(COMMON)
                0x20000998                        . = ALIGN (0x4)
                0x20000998                        _ebss = .
                0x20000998                        __bss_end__ = _ebss

._user_heap_stack
                0x20000998      0x600 load address 0x08009330
                0x20000998                        . = ALIGN (0x8)
                [!provide]                        PROVIDE (end = .)
                0x20000998                        PROVIDE (_end = .)
                0x20000b98                        . = (. + _Min_Heap_Size)
 *fill*         0x20000998      0x200 
                0x20000f98                        . = (. + _Min_Stack_Size)
 *fill*         0x20000b98      0x400 
                0x20000f98                        . = ALIGN (0x8)

/DISCARD/
 libc.a(*)
 libm.a(*)
 libgcc.a(*)

.ARM.attributes
                0x00000000       0x30
 *(.ARM.attributes)
 .ARM.attributes
                0x00000000       0x22 /opt/ST/STM32CubeCLT_1.21.0/GNU-tools-for-STM32/bin/../lib/gcc/arm-none-eabi/14.3.1/thumb/v7e-m+fp/hard/crti.o
 .ARM.attributes
                0x00000022       0x34 /opt/ST/STM32CubeCLT_1.21.0/GNU-tools-for-STM32/bin/../lib/gcc/arm-none-eabi/14.3.1/thumb/v7e-m+fp/hard/crtbegin.o
 .ARM.attributes
                0x00000056       0x34 CMakeFiles/sensor_read_basic.dir/Core/Src/main.c.obj
 .ARM.attributes
                0x0000008a       0x34 CMakeFiles/sensor_read_basic.dir/Core/Src/scd4x_i2c.c.obj
 .ARM.attributes
                0x000000be       0x34 CMakeFiles/sensor_read_basic.dir/Core/Src/sensirion_common.c.obj
 .ARM.attributes
                0x000000f2       0x34 CMakeFiles/sensor_read_basic.dir/Core/Src/sensirion_i2c.c.obj
 .ARM.attributes
                0x00000126       0x34 CMakeFiles/sensor_read_basic.dir/Core/Src/sensirion_i2c_hal.c.obj
 .ARM.attributes
                0x0000015a       0x34 CMakeFiles/sensor_read_basic.dir/Core/Src/sgp41_i2c.c.obj
 .ARM.attributes
                0x0000018e       0x34 CMakeFiles/sensor_read_basic.dir/Core/Src/sht4x_i2c.c.obj
 .ARM.attributes
                0x000001c2       0x34 CMakeFiles/sensor_read_basic.dir/Core/Src/stm32l4xx_hal_msp.c.obj
 .ARM.attributes
                0x000001f6       0x34 CMakeFiles/sensor_read_basic.dir/Core/Src/stm32l4xx_it.c.obj
 .ARM.attributes
                0x0000022a       0x34 CMakeFiles/sensor_read_basic.dir/Core/Src/syscalls.c.obj
 .ARM.attributes
                0x0000025e       0x34 CMakeFiles/sensor_read_basic.dir/Core/Src/sysmem.c.obj
 .ARM.attributes
                0x00000292       0x34 CMakeFiles/sensor_read_basic.dir/Core/Src/system_stm32l4xx.c.obj
 .ARM.attributes
                0x000002c6       0x21 CMakeFiles/sensor_read_basic.dir/Core/Startup/startup_stm32l4a6zgtx.s.obj
 .ARM.attributes
                0x000002e7       0x34 CMakeFiles/sensor_read_basic.dir/Drivers/STM32L4xx_HAL_Driver/Src/stm32l4xx_hal.c.obj
 .ARM.attributes
                0x0000031b       0x34 CMakeFiles/sensor_read_basic.dir/Drivers/STM32L4xx_HAL_Driver/Src/stm32l4xx_hal_cortex.c.obj
 .ARM.attributes
                0x0000034f       0x34 CMakeFiles/sensor_read_basic.dir/Drivers/STM32L4xx_HAL_Driver/Src/stm32l4xx_hal_gpio.c.obj
 .ARM.attributes
                0x00000383       0x34 CMakeFiles/sensor_read_basic.dir/Drivers/STM32L4xx_HAL_Driver/Src/stm32l4xx_hal_i2c.c.obj
 .ARM.attributes
                0x000003b7       0x34 CMakeFiles/sensor_read_basic.dir/Drivers/STM32L4xx_HAL_Driver/Src/stm32l4xx_hal_i2c_ex.c.obj
 .ARM.attributes
                0x000003eb       0x34 CMakeFiles/sensor_read_basic.dir/Drivers/STM32L4xx_HAL_Driver/Src/stm32l4xx_hal_pcd.c.obj
 .ARM.attributes
                0x0000041f       0x34 CMakeFiles/sensor_read_basic.dir/Drivers/STM32L4xx_HAL_Driver/Src/stm32l4xx_hal_pcd_ex.c.obj
 .ARM.attributes
                0x00000453       0x34 CMakeFiles/sensor_read_basic.dir/Drivers/STM32L4xx_HAL_Driver/Src/stm32l4xx_hal_pwr.c.obj
 .ARM.attributes
                0x00000487       0x34 CMakeFiles/sensor_read_basic.dir/Drivers/STM32L4xx_HAL_Driver/Src/stm32l4xx_hal_pwr_ex.c.obj
 .ARM.attributes
                0x000004bb       0x34 CMakeFiles/sensor_read_basic.dir/Drivers/STM32L4xx_HAL_Driver/Src/stm32l4xx_hal_rcc.c.obj
 .ARM.attributes
                0x000004ef       0x34 CMakeFiles/sensor_read_basic.dir/Drivers/STM32L4xx_HAL_Driver/Src/stm32l4xx_hal_rcc_ex.c.obj
 .ARM.attributes
                0x00000523       0x34 CMakeFiles/sensor_read_basic.dir/Drivers/STM32L4xx_HAL_Driver/Src/stm32l4xx_hal_uart.c.obj
 .ARM.attributes
                0x00000557       0x34 CMakeFiles/sensor_read_basic.dir/Drivers/STM32L4xx_HAL_Driver/Src/stm32l4xx_ll_usb.c.obj
 .ARM.attributes
                0x0000058b       0x22 /opt/ST/STM32CubeCLT_1.21.0/GNU-tools-for-STM32/bin/../lib/gcc/arm-none-eabi/14.3.1/thumb/v7e-m+fp/hard/libgcc.a(_arm_addsubdf3.o)
 .ARM.attributes
                0x000005ad       0x22 /opt/ST/STM32CubeCLT_1.21.0/GNU-tools-for-STM32/bin/../lib/gcc/arm-none-eabi/14.3.1/thumb/v7e-m+fp/hard/libgcc.a(_arm_muldivdf3.o)
 .ARM.attributes
                0x000005cf       0x22 /opt/ST/STM32CubeCLT_1.21.0/GNU-tools-for-STM32/bin/../lib/gcc/arm-none-eabi/14.3.1/thumb/v7e-m+fp/hard/libgcc.a(_arm_fixdfsi.o)
 .ARM.attributes
                0x000005f1       0x22 /opt/ST/STM32CubeCLT_1.21.0/GNU-tools-for-STM32/bin/../lib/gcc/arm-none-eabi/14.3.1/thumb/v7e-m+fp/hard/libgcc.a(_aeabi_uldivmod.o)
 .ARM.attributes
                0x00000613       0x34 /opt/ST/STM32CubeCLT_1.21.0/GNU-tools-for-STM32/bin/../lib/gcc/arm-none-eabi/14.3.1/thumb/v7e-m+fp/hard/libgcc.a(_udivmoddi4.o)
 .ARM.attributes
                0x00000647       0x22 /opt/ST/STM32CubeCLT_1.21.0/GNU-tools-for-STM32/bin/../lib/gcc/arm-none-eabi/14.3.1/thumb/v7e-m+fp/hard/libgcc.a(_dvmd_tls.o)
 .ARM.attributes
                0x00000669       0x34 /opt/ST/STM32CubeCLT_1.21.0/GNU-tools-for-STM32/bin/../lib/gcc/arm-none-eabi/14.3.1/../../../../arm-none-eabi/lib/thumb/v7e-m+fp/hard/libc_nano.a(libc_a-nano-vfprintf_float.o)
 .ARM.attributes
                0x0000069d       0x34 /opt/ST/STM32CubeCLT_1.21.0/GNU-tools-for-STM32/bin/../lib/gcc/arm-none-eabi/14.3.1/../../../../arm-none-eabi/lib/thumb/v7e-m+fp/hard/libc_nano.a(libc_a-nano-vfprintf_i.o)
 .ARM.attributes
                0x000006d1       0x34 /opt/ST/STM32CubeCLT_1.21.0/GNU-tools-for-STM32/bin/../lib/gcc/arm-none-eabi/14.3.1/../../../../arm-none-eabi/lib/thumb/v7e-m+fp/hard/libc_nano.a(libc_a-snprintf.o)
 .ARM.attributes
                0x00000705       0x34 /opt/ST/STM32CubeCLT_1.21.0/GNU-tools-for-STM32/bin/../lib/gcc/arm-none-eabi/14.3.1/../../../../arm-none-eabi/lib/thumb/v7e-m+fp/hard/libc_nano.a(libc_a-findfp.o)
 .ARM.attributes
                0x00000739       0x34 /opt/ST/STM32CubeCLT_1.21.0/GNU-tools-for-STM32/bin/../lib/gcc/arm-none-eabi/14.3.1/../../../../arm-none-eabi/lib/thumb/v7e-m+fp/hard/libc_nano.a(libc_a-fwalk.o)
 .ARM.attributes
                0x0000076d       0x34 /opt/ST/STM32CubeCLT_1.21.0/GNU-tools-for-STM32/bin/../lib/gcc/arm-none-eabi/14.3.1/../../../../arm-none-eabi/lib/thumb/v7e-m+fp/hard/libc_nano.a(libc_a-memset.o)
 .ARM.attributes
                0x000007a1       0x34 /opt/ST/STM32CubeCLT_1.21.0/GNU-tools-for-STM32/bin/../lib/gcc/arm-none-eabi/14.3.1/../../../../arm-none-eabi/lib/thumb/v7e-m+fp/hard/libc_nano.a(libc_a-errno.o)
 .ARM.attributes
                0x000007d5       0x34 /opt/ST/STM32CubeCLT_1.21.0/GNU-tools-for-STM32/bin/../lib/gcc/arm-none-eabi/14.3.1/../../../../arm-none-eabi/lib/thumb/v7e-m+fp/hard/libc_nano.a(libc_a-init.o)
 .ARM.attributes
                0x00000809       0x34 /opt/ST/STM32CubeCLT_1.21.0/GNU-tools-for-STM32/bin/../lib/gcc/arm-none-eabi/14.3.1/../../../../arm-none-eabi/lib/thumb/v7e-m+fp/hard/libc_nano.a(libc_a-lock.o)
 .ARM.attributes
                0x0000083d       0x34 /opt/ST/STM32CubeCLT_1.21.0/GNU-tools-for-STM32/bin/../lib/gcc/arm-none-eabi/14.3.1/../../../../arm-none-eabi/lib/thumb/v7e-m+fp/hard/libc_nano.a(libc_a-localeconv.o)
 .ARM.attributes
                0x00000871       0x34 /opt/ST/STM32CubeCLT_1.21.0/GNU-tools-for-STM32/bin/../lib/gcc/arm-none-eabi/14.3.1/../../../../arm-none-eabi/lib/thumb/v7e-m+fp/hard/libc_nano.a(libc_a-impure.o)
 .ARM.attributes
                0x000008a5       0x1c /opt/ST/STM32CubeCLT_1.21.0/GNU-tools-for-STM32/bin/../lib/gcc/arm-none-eabi/14.3.1/../../../../arm-none-eabi/lib/thumb/v7e-m+fp/hard/libc_nano.a(libc_a-memchr.o)
 .ARM.attributes
                0x000008c1       0x17 /opt/ST/STM32CubeCLT_1.21.0/GNU-tools-for-STM32/bin/../lib/gcc/arm-none-eabi/14.3.1/../../../../arm-none-eabi/lib/thumb/v7e-m+fp/hard/libc_nano.a(libc_a-strlen.o)
 .ARM.attributes
                0x000008d8       0x34 /opt/ST/STM32CubeCLT_1.21.0/GNU-tools-for-STM32/bin/../lib/gcc/arm-none-eabi/14.3.1/../../../../arm-none-eabi/lib/thumb/v7e-m+fp/hard/libc_nano.a(libc_a-dtoa.o)
 .ARM.attributes
                0x0000090c       0x34 /opt/ST/STM32CubeCLT_1.21.0/GNU-tools-for-STM32/bin/../lib/gcc/arm-none-eabi/14.3.1/../../../../arm-none-eabi/lib/thumb/v7e-m+fp/hard/libc_nano.a(libc_a-nano-svfprintf.o)
 .ARM.attributes
                0x00000940       0x34 /opt/ST/STM32CubeCLT_1.21.0/GNU-tools-for-STM32/bin/../lib/gcc/arm-none-eabi/14.3.1/../../../../arm-none-eabi/lib/thumb/v7e-m+fp/hard/libc_nano.a(libc_a-malloc.o)
 .ARM.attributes
                0x00000974       0x34 /opt/ST/STM32CubeCLT_1.21.0/GNU-tools-for-STM32/bin/../lib/gcc/arm-none-eabi/14.3.1/../../../../arm-none-eabi/lib/thumb/v7e-m+fp/hard/libc_nano.a(libc_a-mallocr.o)
 .ARM.attributes
                0x000009a8       0x34 /opt/ST/STM32CubeCLT_1.21.0/GNU-tools-for-STM32/bin/../lib/gcc/arm-none-eabi/14.3.1/../../../../arm-none-eabi/lib/thumb/v7e-m+fp/hard/libc_nano.a(libc_a-fflush.o)
 .ARM.attributes
                0x000009dc       0x34 /opt/ST/STM32CubeCLT_1.21.0/GNU-tools-for-STM32/bin/../lib/gcc/arm-none-eabi/14.3.1/../../../../arm-none-eabi/lib/thumb/v7e-m+fp/hard/libc_nano.a(libc_a-mlock.o)
 .ARM.attributes
                0x00000a10       0x34 /opt/ST/STM32CubeCLT_1.21.0/GNU-tools-for-STM32/bin/../lib/gcc/arm-none-eabi/14.3.1/../../../../arm-none-eabi/lib/thumb/v7e-m+fp/hard/libc_nano.a(libc_a-mprec.o)
 .ARM.attributes
                0x00000a44       0x34 /opt/ST/STM32CubeCLT_1.21.0/GNU-tools-for-STM32/bin/../lib/gcc/arm-none-eabi/14.3.1/../../../../arm-none-eabi/lib/thumb/v7e-m+fp/hard/libc_nano.a(libc_a-stdio.o)
 .ARM.attributes
                0x00000a78       0x34 /opt/ST/STM32CubeCLT_1.21.0/GNU-tools-for-STM32/bin/../lib/gcc/arm-none-eabi/14.3.1/../../../../arm-none-eabi/lib/thumb/v7e-m+fp/hard/libc_nano.a(libc_a-reallocr.o)
 .ARM.attributes
                0x00000aac       0x34 /opt/ST/STM32CubeCLT_1.21.0/GNU-tools-for-STM32/bin/../lib/gcc/arm-none-eabi/14.3.1/../../../../arm-none-eabi/lib/thumb/v7e-m+fp/hard/libc_nano.a(libc_a-memmove.o)
 .ARM.attributes
                0x00000ae0       0x34 /opt/ST/STM32CubeCLT_1.21.0/GNU-tools-for-STM32/bin/../lib/gcc/arm-none-eabi/14.3.1/../../../../arm-none-eabi/lib/thumb/v7e-m+fp/hard/libc_nano.a(libc_a-lseekr.o)
 .ARM.attributes
                0x00000b14       0x34 /opt/ST/STM32CubeCLT_1.21.0/GNU-tools-for-STM32/bin/../lib/gcc/arm-none-eabi/14.3.1/../../../../arm-none-eabi/lib/thumb/v7e-m+fp/hard/libc_nano.a(libc_a-readr.o)
 .ARM.attributes
                0x00000b48       0x34 /opt/ST/STM32CubeCLT_1.21.0/GNU-tools-for-STM32/bin/../lib/gcc/arm-none-eabi/14.3.1/../../../../arm-none-eabi/lib/thumb/v7e-m+fp/hard/libc_nano.a(libc_a-sbrkr.o)
 .ARM.attributes
                0x00000b7c       0x34 /opt/ST/STM32CubeCLT_1.21.0/GNU-tools-for-STM32/bin/../lib/gcc/arm-none-eabi/14.3.1/../../../../arm-none-eabi/lib/thumb/v7e-m+fp/hard/libc_nano.a(libc_a-writer.o)
 .ARM.attributes
                0x00000bb0       0x34 /opt/ST/STM32CubeCLT_1.21.0/GNU-tools-for-STM32/bin/../lib/gcc/arm-none-eabi/14.3.1/../../../../arm-none-eabi/lib/thumb/v7e-m+fp/hard/libc_nano.a(libc_a-locale.o)
 .ARM.attributes
                0x00000be4       0x34 /opt/ST/STM32CubeCLT_1.21.0/GNU-tools-for-STM32/bin/../lib/gcc/arm-none-eabi/14.3.1/../../../../arm-none-eabi/lib/thumb/v7e-m+fp/hard/libc_nano.a(libc_a-closer.o)
 .ARM.attributes
                0x00000c18       0x34 /opt/ST/STM32CubeCLT_1.21.0/GNU-tools-for-STM32/bin/../lib/gcc/arm-none-eabi/14.3.1/../../../../arm-none-eabi/lib/thumb/v7e-m+fp/hard/libc_nano.a(libc_a-reent.o)
 .ARM.attributes
                0x00000c4c       0x34 /opt/ST/STM32CubeCLT_1.21.0/GNU-tools-for-STM32/bin/../lib/gcc/arm-none-eabi/14.3.1/../../../../arm-none-eabi/lib/thumb/v7e-m+fp/hard/libc_nano.a(libc_a-memcpy-stub.o)
 .ARM.attributes
                0x00000c80       0x34 /opt/ST/STM32CubeCLT_1.21.0/GNU-tools-for-STM32/bin/../lib/gcc/arm-none-eabi/14.3.1/../../../../arm-none-eabi/lib/thumb/v7e-m+fp/hard/libc_nano.a(libc_a-ctype_.o)
 .ARM.attributes
                0x00000cb4       0x34 /opt/ST/STM32CubeCLT_1.21.0/GNU-tools-for-STM32/bin/../lib/gcc/arm-none-eabi/14.3.1/../../../../arm-none-eabi/lib/thumb/v7e-m+fp/hard/libc_nano.a(libc_a-assert.o)
 .ARM.attributes
                0x00000ce8       0x34 /opt/ST/STM32CubeCLT_1.21.0/GNU-tools-for-STM32/bin/../lib/gcc/arm-none-eabi/14.3.1/../../../../arm-none-eabi/lib/thumb/v7e-m+fp/hard/libc_nano.a(libc_a-callocr.o)
 .ARM.attributes
                0x00000d1c       0x34 /opt/ST/STM32CubeCLT_1.21.0/GNU-tools-for-STM32/bin/../lib/gcc/arm-none-eabi/14.3.1/../../../../arm-none-eabi/lib/thumb/v7e-m+fp/hard/libc_nano.a(libc_a-freer.o)
 .ARM.attributes
                0x00000d50       0x34 /opt/ST/STM32CubeCLT_1.21.0/GNU-tools-for-STM32/bin/../lib/gcc/arm-none-eabi/14.3.1/../../../../arm-none-eabi/lib/thumb/v7e-m+fp/hard/libc_nano.a(libc_a-mbtowc_r.o)
 .ARM.attributes
                0x00000d84       0x34 /opt/ST/STM32CubeCLT_1.21.0/GNU-tools-for-STM32/bin/../lib/gcc/arm-none-eabi/14.3.1/../../../../arm-none-eabi/lib/thumb/v7e-m+fp/hard/libc_nano.a(libc_a-msizer.o)
 .ARM.attributes
                0x00000db8       0x34 /opt/ST/STM32CubeCLT_1.21.0/GNU-tools-for-STM32/bin/../lib/gcc/arm-none-eabi/14.3.1/../../../../arm-none-eabi/lib/thumb/v7e-m+fp/hard/libc_nano.a(libc_a-fprintf.o)
 .ARM.attributes
                0x00000dec       0x34 /opt/ST/STM32CubeCLT_1.21.0/GNU-tools-for-STM32/bin/../lib/gcc/arm-none-eabi/14.3.1/../../../../arm-none-eabi/lib/thumb/v7e-m+fp/hard/libc_nano.a(libc_a-wctomb_r.o)
 .ARM.attributes
                0x00000e20       0x34 /opt/ST/STM32CubeCLT_1.21.0/GNU-tools-for-STM32/bin/../lib/gcc/arm-none-eabi/14.3.1/../../../../arm-none-eabi/lib/thumb/v7e-m+fp/hard/libc_nano.a(libc_a-abort.o)
 .ARM.attributes
                0x00000e54       0x34 /opt/ST/STM32CubeCLT_1.21.0/GNU-tools-for-STM32/bin/../lib/gcc/arm-none-eabi/14.3.1/../../../../arm-none-eabi/lib/thumb/v7e-m+fp/hard/libc_nano.a(libc_a-nano-vfprintf.o)
 .ARM.attributes
                0x00000e88       0x34 /opt/ST/STM32CubeCLT_1.21.0/GNU-tools-for-STM32/bin/../lib/gcc/arm-none-eabi/14.3.1/../../../../arm-none-eabi/lib/thumb/v7e-m+fp/hard/libc_nano.a(libc_a-wbuf.o)
 .ARM.attributes
                0x00000ebc       0x34 /opt/ST/STM32CubeCLT_1.21.0/GNU-tools-for-STM32/bin/../lib/gcc/arm-none-eabi/14.3.1/../../../../arm-none-eabi/lib/thumb/v7e-m+fp/hard/libc_nano.a(libc_a-wsetup.o)
 .ARM.attributes
                0x00000ef0       0x34 /opt/ST/STM32CubeCLT_1.21.0/GNU-tools-for-STM32/bin/../lib/gcc/arm-none-eabi/14.3.1/../../../../arm-none-eabi/lib/thumb/v7e-m+fp/hard/libc_nano.a(libc_a-makebuf.o)
 .ARM.attributes
                0x00000f24       0x34 /opt/ST/STM32CubeCLT_1.21.0/GNU-tools-for-STM32/bin/../lib/gcc/arm-none-eabi/14.3.1/../../../../arm-none-eabi/lib/thumb/v7e-m+fp/hard/libc_nano.a(libc_a-signal.o)
 .ARM.attributes
                0x00000f58       0x34 /opt/ST/STM32CubeCLT_1.21.0/GNU-tools-for-STM32/bin/../lib/gcc/arm-none-eabi/14.3.1/../../../../arm-none-eabi/lib/thumb/v7e-m+fp/hard/libc_nano.a(libc_a-isattyr.o)
 .ARM.attributes
                0x00000f8c       0x34 /opt/ST/STM32CubeCLT_1.21.0/GNU-tools-for-STM32/bin/../lib/gcc/arm-none-eabi/14.3.1/../../../../arm-none-eabi/lib/thumb/v7e-m+fp/hard/libc_nano.a(libc_a-signalr.o)
 .ARM.attributes
                0x00000fc0       0x34 /opt/ST/STM32CubeCLT_1.21.0/GNU-tools-for-STM32/bin/../lib/gcc/arm-none-eabi/14.3.1/../../../../arm-none-eabi/lib/thumb/v7e-m+fp/hard/libc_nano.a(libc_a-fstatr.o)
 .ARM.attributes
                0x00000ff4       0x22 /opt/ST/STM32CubeCLT_1.21.0/GNU-tools-for-STM32/bin/../lib/gcc/arm-none-eabi/14.3.1/thumb/v7e-m+fp/hard/libgcc.a(_arm_cmpdf2.o)
 .ARM.attributes
                0x00001016       0x22 /opt/ST/STM32CubeCLT_1.21.0/GNU-tools-for-STM32/bin/../lib/gcc/arm-none-eabi/14.3.1/thumb/v7e-m+fp/hard/libgcc.a(_arm_unorddf2.o)
 .ARM.attributes
                0x00001038       0x22 /opt/ST/STM32CubeCLT_1.21.0/GNU-tools-for-STM32/bin/../lib/gcc/arm-none-eabi/14.3.1/thumb/v7e-m+fp/hard/crtn.o
OUTPUT(sensor_read_basic.elf elf32-littlearm)
LOAD linker stubs
LOAD /opt/ST/STM32CubeCLT_1.21.0/GNU-tools-for-STM32/bin/../lib/gcc/arm-none-eabi/14.3.1/../../../../arm-none-eabi/lib/thumb/v7e-m+fp/hard/libc.a
LOAD /opt/ST/STM32CubeCLT_1.21.0/GNU-tools-for-STM32/bin/../lib/gcc/arm-none-eabi/14.3.1/../../../../arm-none-eabi/lib/thumb/v7e-m+fp/hard/libm.a
LOAD /opt/ST/STM32CubeCLT_1.21.0/GNU-tools-for-STM32/bin/../lib/gcc/arm-none-eabi/14.3.1/thumb/v7e-m+fp/hard/libgcc.a

.debug_info     0x00000000    0x15a8e
 .debug_info    0x00000000     0x18a8 CMakeFiles/sensor_read_basic.dir/Core/Src/main.c.obj
 .debug_info    0x000018a8      0xe1b CMakeFiles/sensor_read_basic.dir/Core/Src/scd4x_i2c.c.obj
 .debug_info    0x000026c3      0x384 CMakeFiles/sensor_read_basic.dir/Core/Src/sensirion_common.c.obj
 .debug_info    0x00002a47      0x902 CMakeFiles/sensor_read_basic.dir/Core/Src/sensirion_i2c.c.obj
 .debug_info    0x00003349      0x7a5 CMakeFiles/sensor_read_basic.dir/Core/Src/sensirion_i2c_hal.c.obj
 .debug_info    0x00003aee      0x3a4 CMakeFiles/sensor_read_basic.dir/Core/Src/sgp41_i2c.c.obj
 .debug_info    0x00003e92      0x9d2 CMakeFiles/sensor_read_basic.dir/Core/Src/sht4x_i2c.c.obj
 .debug_info    0x00004864     0x168a CMakeFiles/sensor_read_basic.dir/Core/Src/stm32l4xx_hal_msp.c.obj
 .debug_info    0x00005eee      0x157 CMakeFiles/sensor_read_basic.dir/Core/Src/stm32l4xx_it.c.obj
 .debug_info    0x00006045      0x6a3 CMakeFiles/sensor_read_basic.dir/Core/Src/syscalls.c.obj
 .debug_info    0x000066e8      0x168 CMakeFiles/sensor_read_basic.dir/Core/Src/sysmem.c.obj
 .debug_info    0x00006850      0x5fe CMakeFiles/sensor_read_basic.dir/Core/Src/system_stm32l4xx.c.obj
 .debug_info    0x00006e4e       0x30 CMakeFiles/sensor_read_basic.dir/Core/Startup/startup_stm32l4a6zgtx.s.obj
 .debug_info    0x00006e7e      0xb93 CMakeFiles/sensor_read_basic.dir/Drivers/STM32L4xx_HAL_Driver/Src/stm32l4xx_hal.c.obj
 .debug_info    0x00007a11      0xde9 CMakeFiles/sensor_read_basic.dir/Drivers/STM32L4xx_HAL_Driver/Src/stm32l4xx_hal_cortex.c.obj
 .debug_info    0x000087fa      0x7b7 CMakeFiles/sensor_read_basic.dir/Drivers/STM32L4xx_HAL_Driver/Src/stm32l4xx_hal_gpio.c.obj
 .debug_info    0x00008fb1     0x20fc CMakeFiles/sensor_read_basic.dir/Drivers/STM32L4xx_HAL_Driver/Src/stm32l4xx_hal_i2c.c.obj
 .debug_info    0x0000b0ad      0x9c3 CMakeFiles/sensor_read_basic.dir/Drivers/STM32L4xx_HAL_Driver/Src/stm32l4xx_hal_i2c_ex.c.obj
 .debug_info    0x0000ba70     0x14fd CMakeFiles/sensor_read_basic.dir/Drivers/STM32L4xx_HAL_Driver/Src/stm32l4xx_hal_pcd.c.obj
 .debug_info    0x0000cf6d      0x8d2 CMakeFiles/sensor_read_basic.dir/Drivers/STM32L4xx_HAL_Driver/Src/stm32l4xx_hal_pcd_ex.c.obj
 .debug_info    0x0000d83f      0x982 CMakeFiles/sensor_read_basic.dir/Drivers/STM32L4xx_HAL_Driver/Src/stm32l4xx_hal_pwr.c.obj
 .debug_info    0x0000e1c1      0x9c2 CMakeFiles/sensor_read_basic.dir/Drivers/STM32L4xx_HAL_Driver/Src/stm32l4xx_hal_pwr_ex.c.obj
 .debug_info    0x0000eb83      0xc6c CMakeFiles/sensor_read_basic.dir/Drivers/STM32L4xx_HAL_Driver/Src/stm32l4xx_hal_rcc.c.obj
 .debug_info    0x0000f7ef     0x1108 CMakeFiles/sensor_read_basic.dir/Drivers/STM32L4xx_HAL_Driver/Src/stm32l4xx_hal_rcc_ex.c.obj
 .debug_info    0x000108f7     0x3baa CMakeFiles/sensor_read_basic.dir/Drivers/STM32L4xx_HAL_Driver/Src/stm32l4xx_hal_uart.c.obj
 .debug_info    0x000144a1     0x15ed CMakeFiles/sensor_read_basic.dir/Drivers/STM32L4xx_HAL_Driver/Src/stm32l4xx_ll_usb.c.obj

.debug_abbrev   0x00000000     0x3327
 .debug_abbrev  0x00000000      0x352 CMakeFiles/sensor_read_basic.dir/Core/Src/main.c.obj
 .debug_abbrev  0x00000352      0x1d9 CMakeFiles/sensor_read_basic.dir/Core/Src/scd4x_i2c.c.obj