/Users/joedechaine/Desktop/sensor_read_basic/Core/Src/main.c:69:13:uart_print	16	static
/Users/joedechaine/Desktop/sensor_read_basic/Core/Src/main.c:79:5:main	72	static
/Users/joedechaine/Desktop/sensor_read_basic/Core/Src/main.c:173:6:SystemClock_Config	96	static
/Users/joedechaine/Desktop/sensor_read_basic/Core/Src/main.c:234:13:MX_I2C2_Init	8	static
/Users/joedechaine/Desktop/sensor_read_basic/Core/Src/main.c:282:13:MX_LPUART1_UART_Init	8	static
/Users/joedechaine/Desktop/sensor_read_basic/Core/Src/main.c:316:13:MX_USB_OTG_FS_PCD_Init	8	static
/Users/joedechaine/Desktop/sensor_read_basic/Core/Src/main.c:351:13:MX_GPIO_Init	56	static
/Users/joedechaine/Desktop/sensor_read_basic/Core/Src/main.c:412:6:Error_Handler	4	static,ignoring_inline_asm
