2026-04-01 10:58:40,461 [INFO] Activator:176 - 


2026-04-01 10:58:40,464 [INFO] Activator:177 - !SESSION log4j initialized
2026-04-01 10:58:46,180 [INFO] LogOutputStream:77 - [STDOUT_REDIRECT] 
2026-04-01 10:58:46,373 [INFO] LogOutputStream:77 - [STDOUT_REDIRECT] Start the detection of the machine's architecture
2026-04-01 10:58:46,387 [INFO] LogOutputStream:77 - [STDOUT_REDIRECT] use arm architecture
2026-04-01 10:58:46,387 [INFO] LogOutputStream:77 - [STDOUT_REDIRECT] Architecture: Apple Silicon (ARM64)
2026-04-01 10:59:47,325 [ERROR] LogOutputStream:75 - [STDERR_REDIRECT] 
2026-04-01 12:52:00,514 [INFO] Activator:176 - 


2026-04-01 12:52:00,515 [INFO] Activator:177 - !SESSION log4j initialized
2026-04-01 12:52:03,253 [INFO] LogOutputStream:77 - [STDOUT_REDIRECT] 
2026-04-01 12:52:03,383 [INFO] LogOutputStream:77 - [STDOUT_REDIRECT] Start the detection of the machine's architecture
2026-04-01 12:52:03,398 [INFO] LogOutputStream:77 - [STDOUT_REDIRECT] use arm architecture
2026-04-01 12:52:03,398 [INFO] LogOutputStream:77 - [STDOUT_REDIRECT] Architecture: Apple Silicon (ARM64)
2026-04-01 12:53:44,465 [ERROR] LogOutputStream:75 - [STDERR_REDIRECT] 
2026-04-01 12:54:08,813 [INFO] Activator:176 - 


2026-04-01 12:54:08,814 [INFO] Activator:177 - !SESSION log4j initialized
2026-04-01 12:54:11,945 [INFO] LogOutputStream:77 - [STDOUT_REDIRECT] 
2026-04-01 12:54:12,125 [INFO] LogOutputStream:77 - [STDOUT_REDIRECT] Start the detection of the machine's architecture
2026-04-01 12:54:12,135 [INFO] LogOutputStream:77 - [STDOUT_REDIRECT] use arm architecture
2026-04-01 12:54:12,135 [INFO] LogOutputStream:77 - [STDOUT_REDIRECT] Architecture: Apple Silicon (ARM64)
2026-04-01 13:05:07,425 [ERROR] LogOutputStream:75 - [STDERR_REDIRECT] 
